Archive member included to satisfy reference by file (symbol)

c:/program files (x86)/atmel/studio/7.0/toolchain/avr8/avr8-gnu-toolchain/bin/../lib/gcc/avr/5.4.0/../../../../avr/lib/avr4\libm.a(addsf3.o)
                              main.o (__subsf3)
c:/program files (x86)/atmel/studio/7.0/toolchain/avr8/avr8-gnu-toolchain/bin/../lib/gcc/avr/5.4.0/../../../../avr/lib/avr4\libm.a(addsf3x.o)
                              c:/program files (x86)/atmel/studio/7.0/toolchain/avr8/avr8-gnu-toolchain/bin/../lib/gcc/avr/5.4.0/../../../../avr/lib/avr4\libm.a(addsf3.o) (__addsf3x)
c:/program files (x86)/atmel/studio/7.0/toolchain/avr8/avr8-gnu-toolchain/bin/../lib/gcc/avr/5.4.0/../../../../avr/lib/avr4\libm.a(divsf3.o)
                              main.o (__divsf3)
c:/program files (x86)/atmel/studio/7.0/toolchain/avr8/avr8-gnu-toolchain/bin/../lib/gcc/avr/5.4.0/../../../../avr/lib/avr4\libm.a(divsf3x.o)
                              c:/program files (x86)/atmel/studio/7.0/toolchain/avr8/avr8-gnu-toolchain/bin/../lib/gcc/avr/5.4.0/../../../../avr/lib/avr4\libm.a(divsf3.o) (__divsf3x)
c:/program files (x86)/atmel/studio/7.0/toolchain/avr8/avr8-gnu-toolchain/bin/../lib/gcc/avr/5.4.0/../../../../avr/lib/avr4\libm.a(fixunssfsi.o)
                              main.o (__fixunssfsi)
c:/program files (x86)/atmel/studio/7.0/toolchain/avr8/avr8-gnu-toolchain/bin/../lib/gcc/avr/5.4.0/../../../../avr/lib/avr4\libm.a(floatsisf.o)
                              main.o (__floatunsisf)
c:/program files (x86)/atmel/studio/7.0/toolchain/avr8/avr8-gnu-toolchain/bin/../lib/gcc/avr/5.4.0/../../../../avr/lib/avr4\libm.a(fp_inf.o)
                              c:/program files (x86)/atmel/studio/7.0/toolchain/avr8/avr8-gnu-toolchain/bin/../lib/gcc/avr/5.4.0/../../../../avr/lib/avr4\libm.a(addsf3x.o) (__fp_inf)
c:/program files (x86)/atmel/studio/7.0/toolchain/avr8/avr8-gnu-toolchain/bin/../lib/gcc/avr/5.4.0/../../../../avr/lib/avr4\libm.a(fp_nan.o)
                              c:/program files (x86)/atmel/studio/7.0/toolchain/avr8/avr8-gnu-toolchain/bin/../lib/gcc/avr/5.4.0/../../../../avr/lib/avr4\libm.a(addsf3x.o) (__fp_nan)
c:/program files (x86)/atmel/studio/7.0/toolchain/avr8/avr8-gnu-toolchain/bin/../lib/gcc/avr/5.4.0/../../../../avr/lib/avr4\libm.a(fp_pscA.o)
                              c:/program files (x86)/atmel/studio/7.0/toolchain/avr8/avr8-gnu-toolchain/bin/../lib/gcc/avr/5.4.0/../../../../avr/lib/avr4\libm.a(addsf3x.o) (__fp_pscA)
c:/program files (x86)/atmel/studio/7.0/toolchain/avr8/avr8-gnu-toolchain/bin/../lib/gcc/avr/5.4.0/../../../../avr/lib/avr4\libm.a(fp_pscB.o)
                              c:/program files (x86)/atmel/studio/7.0/toolchain/avr8/avr8-gnu-toolchain/bin/../lib/gcc/avr/5.4.0/../../../../avr/lib/avr4\libm.a(addsf3x.o) (__fp_pscB)
c:/program files (x86)/atmel/studio/7.0/toolchain/avr8/avr8-gnu-toolchain/bin/../lib/gcc/avr/5.4.0/../../../../avr/lib/avr4\libm.a(fp_round.o)
                              c:/program files (x86)/atmel/studio/7.0/toolchain/avr8/avr8-gnu-toolchain/bin/../lib/gcc/avr/5.4.0/../../../../avr/lib/avr4\libm.a(addsf3.o) (__fp_round)
c:/program files (x86)/atmel/studio/7.0/toolchain/avr8/avr8-gnu-toolchain/bin/../lib/gcc/avr/5.4.0/../../../../avr/lib/avr4\libm.a(fp_split3.o)
                              c:/program files (x86)/atmel/studio/7.0/toolchain/avr8/avr8-gnu-toolchain/bin/../lib/gcc/avr/5.4.0/../../../../avr/lib/avr4\libm.a(addsf3x.o) (__fp_split3)
c:/program files (x86)/atmel/studio/7.0/toolchain/avr8/avr8-gnu-toolchain/bin/../lib/gcc/avr/5.4.0/../../../../avr/lib/avr4\libm.a(fp_zero.o)
                              c:/program files (x86)/atmel/studio/7.0/toolchain/avr8/avr8-gnu-toolchain/bin/../lib/gcc/avr/5.4.0/../../../../avr/lib/avr4\libm.a(addsf3x.o) (__fp_zero)
c:/program files (x86)/atmel/studio/7.0/toolchain/avr8/avr8-gnu-toolchain/bin/../lib/gcc/avr/5.4.0/../../../../avr/lib/avr4\libm.a(mulsf3.o)
                              main.o (__mulsf3)
c:/program files (x86)/atmel/studio/7.0/toolchain/avr8/avr8-gnu-toolchain/bin/../lib/gcc/avr/5.4.0/../../../../avr/lib/avr4\libm.a(mulsf3x.o)
                              c:/program files (x86)/atmel/studio/7.0/toolchain/avr8/avr8-gnu-toolchain/bin/../lib/gcc/avr/5.4.0/../../../../avr/lib/avr4\libm.a(mulsf3.o) (__mulsf3x)
c:/program files (x86)/atmel/studio/7.0/toolchain/avr8/avr8-gnu-toolchain/bin/../lib/gcc/avr/5.4.0/../../../../avr/lib/avr4\libm.a(round.o)
                              main.o (round)
c:/program files (x86)/atmel/studio/7.0/toolchain/avr8/avr8-gnu-toolchain/bin/../lib/gcc/avr/5.4.0/../../../../avr/lib/avr4\libm.a(fp_mintl.o)
                              c:/program files (x86)/atmel/studio/7.0/toolchain/avr8/avr8-gnu-toolchain/bin/../lib/gcc/avr/5.4.0/../../../../avr/lib/avr4\libm.a(round.o) (__fp_mintl)
c:/program files (x86)/atmel/studio/7.0/toolchain/avr8/avr8-gnu-toolchain/bin/../lib/gcc/avr/5.4.0/../../../../avr/lib/avr4\libm.a(fp_mpack.o)
                              c:/program files (x86)/atmel/studio/7.0/toolchain/avr8/avr8-gnu-toolchain/bin/../lib/gcc/avr/5.4.0/../../../../avr/lib/avr4\libm.a(round.o) (__fp_mpack)
c:/program files (x86)/atmel/studio/7.0/toolchain/avr8/avr8-gnu-toolchain/bin/../lib/gcc/avr/5.4.0/avr4\libgcc.a(_divmodhi4.o)
                              main.o (__divmodhi4)
c:/program files (x86)/atmel/studio/7.0/toolchain/avr8/avr8-gnu-toolchain/bin/../lib/gcc/avr/5.4.0/avr4\libgcc.a(_exit.o)
                              C:/Program Files (x86)/Atmel/Studio/7.0/Packs/atmel/ATmega_DFP/1.7.374/gcc/dev/atmega8/avr4/crtatmega8.o (exit)
c:/program files (x86)/atmel/studio/7.0/toolchain/avr8/avr8-gnu-toolchain/bin/../lib/gcc/avr/5.4.0/avr4\libgcc.a(_copy_data.o)
                              ECU_Layer/Keypad/Keypad.o (__do_copy_data)
c:/program files (x86)/atmel/studio/7.0/toolchain/avr8/avr8-gnu-toolchain/bin/../lib/gcc/avr/5.4.0/avr4\libgcc.a(_clear_bss.o)
                              main.o (__do_clear_bss)
c:/program files (x86)/atmel/studio/7.0/toolchain/avr8/avr8-gnu-toolchain/bin/../lib/gcc/avr/5.4.0/avr4\libgcc.a(_udivmodhi4.o)
                              c:/program files (x86)/atmel/studio/7.0/toolchain/avr8/avr8-gnu-toolchain/bin/../lib/gcc/avr/5.4.0/avr4\libgcc.a(_divmodhi4.o) (__udivmodhi4)
c:/program files (x86)/atmel/studio/7.0/toolchain/avr8/avr8-gnu-toolchain/bin/../lib/gcc/avr/5.4.0/../../../../avr/lib/avr4\libc.a(strcmp.o)
                              ECU_Layer/Keypad/Keypad.o (strcmp)

Allocating common symbols
Common symbol       size              file

TMP                 0x2               main.o
motor_speed         0x2               main.o
EnterPass           0x5               main.o
Light               0x2               main.o
led_brightness      0x2               main.o
value               0x2               main.o

Discarded input sections

 .data          0x00000000        0x0 C:/Program Files (x86)/Atmel/Studio/7.0/Packs/atmel/ATmega_DFP/1.7.374/gcc/dev/atmega8/avr4/crtatmega8.o
 .bss           0x00000000        0x0 C:/Program Files (x86)/Atmel/Studio/7.0/Packs/atmel/ATmega_DFP/1.7.374/gcc/dev/atmega8/avr4/crtatmega8.o
 .text          0x00000000        0x0 ECU_Layer/Buzzer/Buzzer.o
 .data          0x00000000        0x0 ECU_Layer/Buzzer/Buzzer.o
 .bss           0x00000000        0x0 ECU_Layer/Buzzer/Buzzer.o
 .text          0x00000000        0x0 ECU_Layer/Door_Motor/Door_Motor.o
 .data          0x00000000        0x0 ECU_Layer/Door_Motor/Door_Motor.o
 .bss           0x00000000        0x0 ECU_Layer/Door_Motor/Door_Motor.o
 .text          0x00000000        0x0 ECU_Layer/Keypad/Keypad.o
 .data          0x00000000        0x0 ECU_Layer/Keypad/Keypad.o
 .bss           0x00000000        0x0 ECU_Layer/Keypad/Keypad.o
 .text          0x00000000        0x0 ECU_Layer/RGB_Mdule/RGB.o
 .data          0x00000000        0x0 ECU_Layer/RGB_Mdule/RGB.o
 .bss           0x00000000        0x0 ECU_Layer/RGB_Mdule/RGB.o
 .text.RGB_LED_OFF
                0x00000000       0x20 ECU_Layer/RGB_Mdule/RGB.o
 .text          0x00000000        0x0 main.o
 .data          0x00000000        0x0 main.o
 .bss           0x00000000        0x0 main.o
 .avr.prop      0x00000000       0x16 main.o
 .text          0x00000000        0x0 MCAL_Layer/ADC/ADC.o
 .data          0x00000000        0x0 MCAL_Layer/ADC/ADC.o
 .bss           0x00000000        0x0 MCAL_Layer/ADC/ADC.o
 .text.ADC_DEInitialize
                0x00000000       0x12 MCAL_Layer/ADC/ADC.o
 .text          0x00000000        0x0 MCAL_Layer/GPIO.o
 .data          0x00000000        0x0 MCAL_Layer/GPIO.o
 .bss           0x00000000        0x0 MCAL_Layer/GPIO.o
 .text.GPIO_PIN_Toggle_logic
                0x00000000       0x40 MCAL_Layer/GPIO.o
 .text.GPIO_PIN_Toggle_Direction
                0x00000000       0x40 MCAL_Layer/GPIO.o
 .text.GPIO_PIN_Get_Direction
                0x00000000       0x4a MCAL_Layer/GPIO.o
 .text.GPIO_PORT_Write_logic
                0x00000000       0x24 MCAL_Layer/GPIO.o
 .text.GPIO_PORT_Toggle_logic
                0x00000000       0x28 MCAL_Layer/GPIO.o
 .text.GPIO_PORT_Read_Logic
                0x00000000       0x32 MCAL_Layer/GPIO.o
 .text.GPIO_PORT_Give_Direction
                0x00000000       0x24 MCAL_Layer/GPIO.o
 .text.GPIO_PORT_Initialize
                0x00000000       0x1e MCAL_Layer/GPIO.o
 .text.GPIO_PORT_Toggle_Direction
                0x00000000       0x28 MCAL_Layer/GPIO.o
 .text.GPIO_PORT_Get_Direction
                0x00000000       0x32 MCAL_Layer/GPIO.o
 .text          0x00000000        0x0 MCAL_Layer/Interrupt/Internal_Interrupt.o
 .data          0x00000000        0x0 MCAL_Layer/Interrupt/Internal_Interrupt.o
 .bss           0x00000000        0x0 MCAL_Layer/Interrupt/Internal_Interrupt.o
 .debug_info    0x00000000       0x5d MCAL_Layer/Interrupt/Internal_Interrupt.o
 .debug_abbrev  0x00000000       0x26 MCAL_Layer/Interrupt/Internal_Interrupt.o
 .debug_aranges
                0x00000000       0x18 MCAL_Layer/Interrupt/Internal_Interrupt.o
 .debug_line    0x00000000       0x1a MCAL_Layer/Interrupt/Internal_Interrupt.o
 .debug_str     0x00000000      0x1b5 MCAL_Layer/Interrupt/Internal_Interrupt.o
 .comment       0x00000000       0x31 MCAL_Layer/Interrupt/Internal_Interrupt.o
 .text          0x00000000        0x0 MCAL_Layer/Interrupt/External_Interrupt.o
 .data          0x00000000        0x0 MCAL_Layer/Interrupt/External_Interrupt.o
 .bss           0x00000000        0x0 MCAL_Layer/Interrupt/External_Interrupt.o
 .text.INT0_DEInit
                0x00000000        0x8 MCAL_Layer/Interrupt/External_Interrupt.o
 .text.INT1_DEInit
                0x00000000        0x8 MCAL_Layer/Interrupt/External_Interrupt.o
 .text.INTx_DeInitialize
                0x00000000       0x24 MCAL_Layer/Interrupt/External_Interrupt.o
 .text          0x00000000        0x0 MCAL_Layer/PWM/PWM.o
 .data          0x00000000        0x0 MCAL_Layer/PWM/PWM.o
 .bss           0x00000000        0x0 MCAL_Layer/PWM/PWM.o
 .text.PWM_DEInit
                0x00000000        0xc MCAL_Layer/PWM/PWM.o
 .text          0x00000000        0x0 MCAL_Layer/USART/USART.o
 .data          0x00000000        0x0 MCAL_Layer/USART/USART.o
 .bss           0x00000000        0x0 MCAL_Layer/USART/USART.o
 .text          0x00000000        0x0 c:/program files (x86)/atmel/studio/7.0/toolchain/avr8/avr8-gnu-toolchain/bin/../lib/gcc/avr/5.4.0/../../../../avr/lib/avr4\libm.a(addsf3.o)
 .data          0x00000000        0x0 c:/program files (x86)/atmel/studio/7.0/toolchain/avr8/avr8-gnu-toolchain/bin/../lib/gcc/avr/5.4.0/../../../../avr/lib/avr4\libm.a(addsf3.o)
 .bss           0x00000000        0x0 c:/program files (x86)/atmel/studio/7.0/toolchain/avr8/avr8-gnu-toolchain/bin/../lib/gcc/avr/5.4.0/../../../../avr/lib/avr4\libm.a(addsf3.o)
 .text          0x00000000        0x0 c:/program files (x86)/atmel/studio/7.0/toolchain/avr8/avr8-gnu-toolchain/bin/../lib/gcc/avr/5.4.0/../../../../avr/lib/avr4\libm.a(addsf3x.o)
 .data          0x00000000        0x0 c:/program files (x86)/atmel/studio/7.0/toolchain/avr8/avr8-gnu-toolchain/bin/../lib/gcc/avr/5.4.0/../../../../avr/lib/avr4\libm.a(addsf3x.o)
 .bss           0x00000000        0x0 c:/program files (x86)/atmel/studio/7.0/toolchain/avr8/avr8-gnu-toolchain/bin/../lib/gcc/avr/5.4.0/../../../../avr/lib/avr4\libm.a(addsf3x.o)
 .text          0x00000000        0x0 c:/program files (x86)/atmel/studio/7.0/toolchain/avr8/avr8-gnu-toolchain/bin/../lib/gcc/avr/5.4.0/../../../../avr/lib/avr4\libm.a(divsf3.o)
 .data          0x00000000        0x0 c:/program files (x86)/atmel/studio/7.0/toolchain/avr8/avr8-gnu-toolchain/bin/../lib/gcc/avr/5.4.0/../../../../avr/lib/avr4\libm.a(divsf3.o)
 .bss           0x00000000        0x0 c:/program files (x86)/atmel/studio/7.0/toolchain/avr8/avr8-gnu-toolchain/bin/../lib/gcc/avr/5.4.0/../../../../avr/lib/avr4\libm.a(divsf3.o)
 .text          0x00000000        0x0 c:/program files (x86)/atmel/studio/7.0/toolchain/avr8/avr8-gnu-toolchain/bin/../lib/gcc/avr/5.4.0/../../../../avr/lib/avr4\libm.a(divsf3x.o)
 .data          0x00000000        0x0 c:/program files (x86)/atmel/studio/7.0/toolchain/avr8/avr8-gnu-toolchain/bin/../lib/gcc/avr/5.4.0/../../../../avr/lib/avr4\libm.a(divsf3x.o)
 .bss           0x00000000        0x0 c:/program files (x86)/atmel/studio/7.0/toolchain/avr8/avr8-gnu-toolchain/bin/../lib/gcc/avr/5.4.0/../../../../avr/lib/avr4\libm.a(divsf3x.o)
 .text          0x00000000        0x0 c:/program files (x86)/atmel/studio/7.0/toolchain/avr8/avr8-gnu-toolchain/bin/../lib/gcc/avr/5.4.0/../../../../avr/lib/avr4\libm.a(fixunssfsi.o)
 .data          0x00000000        0x0 c:/program files (x86)/atmel/studio/7.0/toolchain/avr8/avr8-gnu-toolchain/bin/../lib/gcc/avr/5.4.0/../../../../avr/lib/avr4\libm.a(fixunssfsi.o)
 .bss           0x00000000        0x0 c:/program files (x86)/atmel/studio/7.0/toolchain/avr8/avr8-gnu-toolchain/bin/../lib/gcc/avr/5.4.0/../../../../avr/lib/avr4\libm.a(fixunssfsi.o)
 .text          0x00000000        0x0 c:/program files (x86)/atmel/studio/7.0/toolchain/avr8/avr8-gnu-toolchain/bin/../lib/gcc/avr/5.4.0/../../../../avr/lib/avr4\libm.a(floatsisf.o)
 .data          0x00000000        0x0 c:/program files (x86)/atmel/studio/7.0/toolchain/avr8/avr8-gnu-toolchain/bin/../lib/gcc/avr/5.4.0/../../../../avr/lib/avr4\libm.a(floatsisf.o)
 .bss           0x00000000        0x0 c:/program files (x86)/atmel/studio/7.0/toolchain/avr8/avr8-gnu-toolchain/bin/../lib/gcc/avr/5.4.0/../../../../avr/lib/avr4\libm.a(floatsisf.o)
 .text          0x00000000        0x0 c:/program files (x86)/atmel/studio/7.0/toolchain/avr8/avr8-gnu-toolchain/bin/../lib/gcc/avr/5.4.0/../../../../avr/lib/avr4\libm.a(fp_inf.o)
 .data          0x00000000        0x0 c:/program files (x86)/atmel/studio/7.0/toolchain/avr8/avr8-gnu-toolchain/bin/../lib/gcc/avr/5.4.0/../../../../avr/lib/avr4\libm.a(fp_inf.o)
 .bss           0x00000000        0x0 c:/program files (x86)/atmel/studio/7.0/toolchain/avr8/avr8-gnu-toolchain/bin/../lib/gcc/avr/5.4.0/../../../../avr/lib/avr4\libm.a(fp_inf.o)
 .text          0x00000000        0x0 c:/program files (x86)/atmel/studio/7.0/toolchain/avr8/avr8-gnu-toolchain/bin/../lib/gcc/avr/5.4.0/../../../../avr/lib/avr4\libm.a(fp_nan.o)
 .data          0x00000000        0x0 c:/program files (x86)/atmel/studio/7.0/toolchain/avr8/avr8-gnu-toolchain/bin/../lib/gcc/avr/5.4.0/../../../../avr/lib/avr4\libm.a(fp_nan.o)
 .bss           0x00000000        0x0 c:/program files (x86)/atmel/studio/7.0/toolchain/avr8/avr8-gnu-toolchain/bin/../lib/gcc/avr/5.4.0/../../../../avr/lib/avr4\libm.a(fp_nan.o)
 .text          0x00000000        0x0 c:/program files (x86)/atmel/studio/7.0/toolchain/avr8/avr8-gnu-toolchain/bin/../lib/gcc/avr/5.4.0/../../../../avr/lib/avr4\libm.a(fp_pscA.o)
 .data          0x00000000        0x0 c:/program files (x86)/atmel/studio/7.0/toolchain/avr8/avr8-gnu-toolchain/bin/../lib/gcc/avr/5.4.0/../../../../avr/lib/avr4\libm.a(fp_pscA.o)
 .bss           0x00000000        0x0 c:/program files (x86)/atmel/studio/7.0/toolchain/avr8/avr8-gnu-toolchain/bin/../lib/gcc/avr/5.4.0/../../../../avr/lib/avr4\libm.a(fp_pscA.o)
 .text          0x00000000        0x0 c:/program files (x86)/atmel/studio/7.0/toolchain/avr8/avr8-gnu-toolchain/bin/../lib/gcc/avr/5.4.0/../../../../avr/lib/avr4\libm.a(fp_pscB.o)
 .data          0x00000000        0x0 c:/program files (x86)/atmel/studio/7.0/toolchain/avr8/avr8-gnu-toolchain/bin/../lib/gcc/avr/5.4.0/../../../../avr/lib/avr4\libm.a(fp_pscB.o)
 .bss           0x00000000        0x0 c:/program files (x86)/atmel/studio/7.0/toolchain/avr8/avr8-gnu-toolchain/bin/../lib/gcc/avr/5.4.0/../../../../avr/lib/avr4\libm.a(fp_pscB.o)
 .text          0x00000000        0x0 c:/program files (x86)/atmel/studio/7.0/toolchain/avr8/avr8-gnu-toolchain/bin/../lib/gcc/avr/5.4.0/../../../../avr/lib/avr4\libm.a(fp_round.o)
 .data          0x00000000        0x0 c:/program files (x86)/atmel/studio/7.0/toolchain/avr8/avr8-gnu-toolchain/bin/../lib/gcc/avr/5.4.0/../../../../avr/lib/avr4\libm.a(fp_round.o)
 .bss           0x00000000        0x0 c:/program files (x86)/atmel/studio/7.0/toolchain/avr8/avr8-gnu-toolchain/bin/../lib/gcc/avr/5.4.0/../../../../avr/lib/avr4\libm.a(fp_round.o)
 .text          0x00000000        0x0 c:/program files (x86)/atmel/studio/7.0/toolchain/avr8/avr8-gnu-toolchain/bin/../lib/gcc/avr/5.4.0/../../../../avr/lib/avr4\libm.a(fp_split3.o)
 .data          0x00000000        0x0 c:/program files (x86)/atmel/studio/7.0/toolchain/avr8/avr8-gnu-toolchain/bin/../lib/gcc/avr/5.4.0/../../../../avr/lib/avr4\libm.a(fp_split3.o)
 .bss           0x00000000        0x0 c:/program files (x86)/atmel/studio/7.0/toolchain/avr8/avr8-gnu-toolchain/bin/../lib/gcc/avr/5.4.0/../../../../avr/lib/avr4\libm.a(fp_split3.o)
 .text          0x00000000        0x0 c:/program files (x86)/atmel/studio/7.0/toolchain/avr8/avr8-gnu-toolchain/bin/../lib/gcc/avr/5.4.0/../../../../avr/lib/avr4\libm.a(fp_zero.o)
 .data          0x00000000        0x0 c:/program files (x86)/atmel/studio/7.0/toolchain/avr8/avr8-gnu-toolchain/bin/../lib/gcc/avr/5.4.0/../../../../avr/lib/avr4\libm.a(fp_zero.o)
 .bss           0x00000000        0x0 c:/program files (x86)/atmel/studio/7.0/toolchain/avr8/avr8-gnu-toolchain/bin/../lib/gcc/avr/5.4.0/../../../../avr/lib/avr4\libm.a(fp_zero.o)
 .text          0x00000000        0x0 c:/program files (x86)/atmel/studio/7.0/toolchain/avr8/avr8-gnu-toolchain/bin/../lib/gcc/avr/5.4.0/../../../../avr/lib/avr4\libm.a(mulsf3.o)
 .data          0x00000000        0x0 c:/program files (x86)/atmel/studio/7.0/toolchain/avr8/avr8-gnu-toolchain/bin/../lib/gcc/avr/5.4.0/../../../../avr/lib/avr4\libm.a(mulsf3.o)
 .bss           0x00000000        0x0 c:/program files (x86)/atmel/studio/7.0/toolchain/avr8/avr8-gnu-toolchain/bin/../lib/gcc/avr/5.4.0/../../../../avr/lib/avr4\libm.a(mulsf3.o)
 .text          0x00000000        0x0 c:/program files (x86)/atmel/studio/7.0/toolchain/avr8/avr8-gnu-toolchain/bin/../lib/gcc/avr/5.4.0/../../../../avr/lib/avr4\libm.a(mulsf3x.o)
 .data          0x00000000        0x0 c:/program files (x86)/atmel/studio/7.0/toolchain/avr8/avr8-gnu-toolchain/bin/../lib/gcc/avr/5.4.0/../../../../avr/lib/avr4\libm.a(mulsf3x.o)
 .bss           0x00000000        0x0 c:/program files (x86)/atmel/studio/7.0/toolchain/avr8/avr8-gnu-toolchain/bin/../lib/gcc/avr/5.4.0/../../../../avr/lib/avr4\libm.a(mulsf3x.o)
 .text          0x00000000        0x0 c:/program files (x86)/atmel/studio/7.0/toolchain/avr8/avr8-gnu-toolchain/bin/../lib/gcc/avr/5.4.0/../../../../avr/lib/avr4\libm.a(round.o)
 .data          0x00000000        0x0 c:/program files (x86)/atmel/studio/7.0/toolchain/avr8/avr8-gnu-toolchain/bin/../lib/gcc/avr/5.4.0/../../../../avr/lib/avr4\libm.a(round.o)
 .bss           0x00000000        0x0 c:/program files (x86)/atmel/studio/7.0/toolchain/avr8/avr8-gnu-toolchain/bin/../lib/gcc/avr/5.4.0/../../../../avr/lib/avr4\libm.a(round.o)
 .text          0x00000000        0x0 c:/program files (x86)/atmel/studio/7.0/toolchain/avr8/avr8-gnu-toolchain/bin/../lib/gcc/avr/5.4.0/../../../../avr/lib/avr4\libm.a(fp_mintl.o)
 .data          0x00000000        0x0 c:/program files (x86)/atmel/studio/7.0/toolchain/avr8/avr8-gnu-toolchain/bin/../lib/gcc/avr/5.4.0/../../../../avr/lib/avr4\libm.a(fp_mintl.o)
 .bss           0x00000000        0x0 c:/program files (x86)/atmel/studio/7.0/toolchain/avr8/avr8-gnu-toolchain/bin/../lib/gcc/avr/5.4.0/../../../../avr/lib/avr4\libm.a(fp_mintl.o)
 .text          0x00000000        0x0 c:/program files (x86)/atmel/studio/7.0/toolchain/avr8/avr8-gnu-toolchain/bin/../lib/gcc/avr/5.4.0/../../../../avr/lib/avr4\libm.a(fp_mpack.o)
 .data          0x00000000        0x0 c:/program files (x86)/atmel/studio/7.0/toolchain/avr8/avr8-gnu-toolchain/bin/../lib/gcc/avr/5.4.0/../../../../avr/lib/avr4\libm.a(fp_mpack.o)
 .bss           0x00000000        0x0 c:/program files (x86)/atmel/studio/7.0/toolchain/avr8/avr8-gnu-toolchain/bin/../lib/gcc/avr/5.4.0/../../../../avr/lib/avr4\libm.a(fp_mpack.o)
 .text          0x00000000        0x0 c:/program files (x86)/atmel/studio/7.0/toolchain/avr8/avr8-gnu-toolchain/bin/../lib/gcc/avr/5.4.0/avr4\libgcc.a(_divmodhi4.o)
 .data          0x00000000        0x0 c:/program files (x86)/atmel/studio/7.0/toolchain/avr8/avr8-gnu-toolchain/bin/../lib/gcc/avr/5.4.0/avr4\libgcc.a(_divmodhi4.o)
 .bss           0x00000000        0x0 c:/program files (x86)/atmel/studio/7.0/toolchain/avr8/avr8-gnu-toolchain/bin/../lib/gcc/avr/5.4.0/avr4\libgcc.a(_divmodhi4.o)
 .text.libgcc.mul
                0x00000000        0x0 c:/program files (x86)/atmel/studio/7.0/toolchain/avr8/avr8-gnu-toolchain/bin/../lib/gcc/avr/5.4.0/avr4\libgcc.a(_divmodhi4.o)
 .text.libgcc   0x00000000        0x0 c:/program files (x86)/atmel/studio/7.0/toolchain/avr8/avr8-gnu-toolchain/bin/../lib/gcc/avr/5.4.0/avr4\libgcc.a(_divmodhi4.o)
 .text.libgcc.prologue
                0x00000000        0x0 c:/program files (x86)/atmel/studio/7.0/toolchain/avr8/avr8-gnu-toolchain/bin/../lib/gcc/avr/5.4.0/avr4\libgcc.a(_divmodhi4.o)
 .text.libgcc.builtins
                0x00000000        0x0 c:/program files (x86)/atmel/studio/7.0/toolchain/avr8/avr8-gnu-toolchain/bin/../lib/gcc/avr/5.4.0/avr4\libgcc.a(_divmodhi4.o)
 .text.libgcc.fmul
                0x00000000        0x0 c:/program files (x86)/atmel/studio/7.0/toolchain/avr8/avr8-gnu-toolchain/bin/../lib/gcc/avr/5.4.0/avr4\libgcc.a(_divmodhi4.o)
 .text.libgcc.fixed
                0x00000000        0x0 c:/program files (x86)/atmel/studio/7.0/toolchain/avr8/avr8-gnu-toolchain/bin/../lib/gcc/avr/5.4.0/avr4\libgcc.a(_divmodhi4.o)
 .text          0x00000000        0x0 c:/program files (x86)/atmel/studio/7.0/toolchain/avr8/avr8-gnu-toolchain/bin/../lib/gcc/avr/5.4.0/avr4\libgcc.a(_exit.o)
 .data          0x00000000        0x0 c:/program files (x86)/atmel/studio/7.0/toolchain/avr8/avr8-gnu-toolchain/bin/../lib/gcc/avr/5.4.0/avr4\libgcc.a(_exit.o)
 .bss           0x00000000        0x0 c:/program files (x86)/atmel/studio/7.0/toolchain/avr8/avr8-gnu-toolchain/bin/../lib/gcc/avr/5.4.0/avr4\libgcc.a(_exit.o)
 .text.libgcc.mul
                0x00000000        0x0 c:/program files (x86)/atmel/studio/7.0/toolchain/avr8/avr8-gnu-toolchain/bin/../lib/gcc/avr/5.4.0/avr4\libgcc.a(_exit.o)
 .text.libgcc.div
                0x00000000        0x0 c:/program files (x86)/atmel/studio/7.0/toolchain/avr8/avr8-gnu-toolchain/bin/../lib/gcc/avr/5.4.0/avr4\libgcc.a(_exit.o)
 .text.libgcc   0x00000000        0x0 c:/program files (x86)/atmel/studio/7.0/toolchain/avr8/avr8-gnu-toolchain/bin/../lib/gcc/avr/5.4.0/avr4\libgcc.a(_exit.o)
 .text.libgcc.prologue
                0x00000000        0x0 c:/program files (x86)/atmel/studio/7.0/toolchain/avr8/avr8-gnu-toolchain/bin/../lib/gcc/avr/5.4.0/avr4\libgcc.a(_exit.o)
 .text.libgcc.builtins
                0x00000000        0x0 c:/program files (x86)/atmel/studio/7.0/toolchain/avr8/avr8-gnu-toolchain/bin/../lib/gcc/avr/5.4.0/avr4\libgcc.a(_exit.o)
 .text.libgcc.fmul
                0x00000000        0x0 c:/program files (x86)/atmel/studio/7.0/toolchain/avr8/avr8-gnu-toolchain/bin/../lib/gcc/avr/5.4.0/avr4\libgcc.a(_exit.o)
 .text.libgcc.fixed
                0x00000000        0x0 c:/program files (x86)/atmel/studio/7.0/toolchain/avr8/avr8-gnu-toolchain/bin/../lib/gcc/avr/5.4.0/avr4\libgcc.a(_exit.o)
 .text          0x00000000        0x0 c:/program files (x86)/atmel/studio/7.0/toolchain/avr8/avr8-gnu-toolchain/bin/../lib/gcc/avr/5.4.0/avr4\libgcc.a(_copy_data.o)
 .data          0x00000000        0x0 c:/program files (x86)/atmel/studio/7.0/toolchain/avr8/avr8-gnu-toolchain/bin/../lib/gcc/avr/5.4.0/avr4\libgcc.a(_copy_data.o)
 .bss           0x00000000        0x0 c:/program files (x86)/atmel/studio/7.0/toolchain/avr8/avr8-gnu-toolchain/bin/../lib/gcc/avr/5.4.0/avr4\libgcc.a(_copy_data.o)
 .text.libgcc.mul
                0x00000000        0x0 c:/program files (x86)/atmel/studio/7.0/toolchain/avr8/avr8-gnu-toolchain/bin/../lib/gcc/avr/5.4.0/avr4\libgcc.a(_copy_data.o)
 .text.libgcc.div
                0x00000000        0x0 c:/program files (x86)/atmel/studio/7.0/toolchain/avr8/avr8-gnu-toolchain/bin/../lib/gcc/avr/5.4.0/avr4\libgcc.a(_copy_data.o)
 .text.libgcc   0x00000000        0x0 c:/program files (x86)/atmel/studio/7.0/toolchain/avr8/avr8-gnu-toolchain/bin/../lib/gcc/avr/5.4.0/avr4\libgcc.a(_copy_data.o)
 .text.libgcc.prologue
                0x00000000        0x0 c:/program files (x86)/atmel/studio/7.0/toolchain/avr8/avr8-gnu-toolchain/bin/../lib/gcc/avr/5.4.0/avr4\libgcc.a(_copy_data.o)
 .text.libgcc.builtins
                0x00000000        0x0 c:/program files (x86)/atmel/studio/7.0/toolchain/avr8/avr8-gnu-toolchain/bin/../lib/gcc/avr/5.4.0/avr4\libgcc.a(_copy_data.o)
 .text.libgcc.fmul
                0x00000000        0x0 c:/program files (x86)/atmel/studio/7.0/toolchain/avr8/avr8-gnu-toolchain/bin/../lib/gcc/avr/5.4.0/avr4\libgcc.a(_copy_data.o)
 .text.libgcc.fixed
                0x00000000        0x0 c:/program files (x86)/atmel/studio/7.0/toolchain/avr8/avr8-gnu-toolchain/bin/../lib/gcc/avr/5.4.0/avr4\libgcc.a(_copy_data.o)
 .text          0x00000000        0x0 c:/program files (x86)/atmel/studio/7.0/toolchain/avr8/avr8-gnu-toolchain/bin/../lib/gcc/avr/5.4.0/avr4\libgcc.a(_clear_bss.o)
 .data          0x00000000        0x0 c:/program files (x86)/atmel/studio/7.0/toolchain/avr8/avr8-gnu-toolchain/bin/../lib/gcc/avr/5.4.0/avr4\libgcc.a(_clear_bss.o)
 .bss           0x00000000        0x0 c:/program files (x86)/atmel/studio/7.0/toolchain/avr8/avr8-gnu-toolchain/bin/../lib/gcc/avr/5.4.0/avr4\libgcc.a(_clear_bss.o)
 .text.libgcc.mul
                0x00000000        0x0 c:/program files (x86)/atmel/studio/7.0/toolchain/avr8/avr8-gnu-toolchain/bin/../lib/gcc/avr/5.4.0/avr4\libgcc.a(_clear_bss.o)
 .text.libgcc.div
                0x00000000        0x0 c:/program files (x86)/atmel/studio/7.0/toolchain/avr8/avr8-gnu-toolchain/bin/../lib/gcc/avr/5.4.0/avr4\libgcc.a(_clear_bss.o)
 .text.libgcc   0x00000000        0x0 c:/program files (x86)/atmel/studio/7.0/toolchain/avr8/avr8-gnu-toolchain/bin/../lib/gcc/avr/5.4.0/avr4\libgcc.a(_clear_bss.o)
 .text.libgcc.prologue
                0x00000000        0x0 c:/program files (x86)/atmel/studio/7.0/toolchain/avr8/avr8-gnu-toolchain/bin/../lib/gcc/avr/5.4.0/avr4\libgcc.a(_clear_bss.o)
 .text.libgcc.builtins
                0x00000000        0x0 c:/program files (x86)/atmel/studio/7.0/toolchain/avr8/avr8-gnu-toolchain/bin/../lib/gcc/avr/5.4.0/avr4\libgcc.a(_clear_bss.o)
 .text.libgcc.fmul
                0x00000000        0x0 c:/program files (x86)/atmel/studio/7.0/toolchain/avr8/avr8-gnu-toolchain/bin/../lib/gcc/avr/5.4.0/avr4\libgcc.a(_clear_bss.o)
 .text.libgcc.fixed
                0x00000000        0x0 c:/program files (x86)/atmel/studio/7.0/toolchain/avr8/avr8-gnu-toolchain/bin/../lib/gcc/avr/5.4.0/avr4\libgcc.a(_clear_bss.o)
 .text          0x00000000        0x0 c:/program files (x86)/atmel/studio/7.0/toolchain/avr8/avr8-gnu-toolchain/bin/../lib/gcc/avr/5.4.0/avr4\libgcc.a(_udivmodhi4.o)
 .data          0x00000000        0x0 c:/program files (x86)/atmel/studio/7.0/toolchain/avr8/avr8-gnu-toolchain/bin/../lib/gcc/avr/5.4.0/avr4\libgcc.a(_udivmodhi4.o)
 .bss           0x00000000        0x0 c:/program files (x86)/atmel/studio/7.0/toolchain/avr8/avr8-gnu-toolchain/bin/../lib/gcc/avr/5.4.0/avr4\libgcc.a(_udivmodhi4.o)
 .text.libgcc.mul
                0x00000000        0x0 c:/program files (x86)/atmel/studio/7.0/toolchain/avr8/avr8-gnu-toolchain/bin/../lib/gcc/avr/5.4.0/avr4\libgcc.a(_udivmodhi4.o)
 .text.libgcc   0x00000000        0x0 c:/program files (x86)/atmel/studio/7.0/toolchain/avr8/avr8-gnu-toolchain/bin/../lib/gcc/avr/5.4.0/avr4\libgcc.a(_udivmodhi4.o)
 .text.libgcc.prologue
                0x00000000        0x0 c:/program files (x86)/atmel/studio/7.0/toolchain/avr8/avr8-gnu-toolchain/bin/../lib/gcc/avr/5.4.0/avr4\libgcc.a(_udivmodhi4.o)
 .text.libgcc.builtins
                0x00000000        0x0 c:/program files (x86)/atmel/studio/7.0/toolchain/avr8/avr8-gnu-toolchain/bin/../lib/gcc/avr/5.4.0/avr4\libgcc.a(_udivmodhi4.o)
 .text.libgcc.fmul
                0x00000000        0x0 c:/program files (x86)/atmel/studio/7.0/toolchain/avr8/avr8-gnu-toolchain/bin/../lib/gcc/avr/5.4.0/avr4\libgcc.a(_udivmodhi4.o)
 .text.libgcc.fixed
                0x00000000        0x0 c:/program files (x86)/atmel/studio/7.0/toolchain/avr8/avr8-gnu-toolchain/bin/../lib/gcc/avr/5.4.0/avr4\libgcc.a(_udivmodhi4.o)
 .text          0x00000000        0x0 c:/program files (x86)/atmel/studio/7.0/toolchain/avr8/avr8-gnu-toolchain/bin/../lib/gcc/avr/5.4.0/../../../../avr/lib/avr4\libc.a(strcmp.o)
 .data          0x00000000        0x0 c:/program files (x86)/atmel/studio/7.0/toolchain/avr8/avr8-gnu-toolchain/bin/../lib/gcc/avr/5.4.0/../../../../avr/lib/avr4\libc.a(strcmp.o)
 .bss           0x00000000        0x0 c:/program files (x86)/atmel/studio/7.0/toolchain/avr8/avr8-gnu-toolchain/bin/../lib/gcc/avr/5.4.0/../../../../avr/lib/avr4\libc.a(strcmp.o)

Memory Configuration

Name             Origin             Length             Attributes
text             0x00000000         0x00002000         xr
data             0x00800060         0x00000400         rw !x
eeprom           0x00810000         0x00000200         rw !x
fuse             0x00820000         0x00000002         rw !x
lock             0x00830000         0x00000400         rw !x
signature        0x00840000         0x00000400         rw !x
user_signatures  0x00850000         0x00000400         rw !x
*default*        0x00000000         0xffffffff

Linker script and memory map

LOAD C:/Program Files (x86)/Atmel/Studio/7.0/Packs/atmel/ATmega_DFP/1.7.374/gcc/dev/atmega8/avr4/crtatmega8.o
LOAD ECU_Layer/Buzzer/Buzzer.o
LOAD ECU_Layer/Door_Motor/Door_Motor.o
LOAD ECU_Layer/Keypad/Keypad.o
LOAD ECU_Layer/RGB_Mdule/RGB.o
LOAD main.o
LOAD MCAL_Layer/ADC/ADC.o
LOAD MCAL_Layer/GPIO.o
LOAD MCAL_Layer/Interrupt/Internal_Interrupt.o
LOAD MCAL_Layer/Interrupt/External_Interrupt.o
LOAD MCAL_Layer/PWM/PWM.o
LOAD MCAL_Layer/USART/USART.o
START GROUP
LOAD c:/program files (x86)/atmel/studio/7.0/toolchain/avr8/avr8-gnu-toolchain/bin/../lib/gcc/avr/5.4.0/../../../../avr/lib/avr4\libm.a
END GROUP
START GROUP
LOAD c:/program files (x86)/atmel/studio/7.0/toolchain/avr8/avr8-gnu-toolchain/bin/../lib/gcc/avr/5.4.0/avr4\libgcc.a
LOAD c:/program files (x86)/atmel/studio/7.0/toolchain/avr8/avr8-gnu-toolchain/bin/../lib/gcc/avr/5.4.0/../../../../avr/lib/avr4\libm.a
LOAD c:/program files (x86)/atmel/studio/7.0/toolchain/avr8/avr8-gnu-toolchain/bin/../lib/gcc/avr/5.4.0/../../../../avr/lib/avr4\libc.a
LOAD C:/Program Files (x86)/Atmel/Studio/7.0/Packs/atmel/ATmega_DFP/1.7.374/gcc/dev/atmega8/avr4\libatmega8.a
END GROUP
                0x00000000                __TEXT_REGION_ORIGIN__ = DEFINED (__TEXT_REGION_ORIGIN__)?__TEXT_REGION_ORIGIN__:0x0
                [0x00800060]                __DATA_REGION_ORIGIN__ = DEFINED (__DATA_REGION_ORIGIN__)?__DATA_REGION_ORIGIN__:0x800060
                [0x00002000]                __TEXT_REGION_LENGTH__ = DEFINED (__TEXT_REGION_LENGTH__)?__TEXT_REGION_LENGTH__:0x2000
                [0x00000400]                __DATA_REGION_LENGTH__ = DEFINED (__DATA_REGION_LENGTH__)?__DATA_REGION_LENGTH__:0xffa0
                [0x00000200]                __EEPROM_REGION_LENGTH__ = DEFINED (__EEPROM_REGION_LENGTH__)?__EEPROM_REGION_LENGTH__:0x10000
                [0x00000002]                __FUSE_REGION_LENGTH__ = DEFINED (__FUSE_REGION_LENGTH__)?__FUSE_REGION_LENGTH__:0x400
                0x00000400                __LOCK_REGION_LENGTH__ = DEFINED (__LOCK_REGION_LENGTH__)?__LOCK_REGION_LENGTH__:0x400
                0x00000400                __SIGNATURE_REGION_LENGTH__ = DEFINED (__SIGNATURE_REGION_LENGTH__)?__SIGNATURE_REGION_LENGTH__:0x400
                0x00000400                __USER_SIGNATURE_REGION_LENGTH__ = DEFINED (__USER_SIGNATURE_REGION_LENGTH__)?__USER_SIGNATURE_REGION_LENGTH__:0x400

.hash
 *(.hash)

.dynsym
 *(.dynsym)

.dynstr
 *(.dynstr)

.gnu.version
 *(.gnu.version)

.gnu.version_d
 *(.gnu.version_d)

.gnu.version_r
 *(.gnu.version_r)

.rel.init
 *(.rel.init)

.rela.init
 *(.rela.init)

.rel.text
 *(.rel.text)
 *(.rel.text.*)
 *(.rel.gnu.linkonce.t*)

.rela.text
 *(.rela.text)
 *(.rela.text.*)
 *(.rela.gnu.linkonce.t*)

.rel.fini
 *(.rel.fini)

.rela.fini
 *(.rela.fini)

.rel.rodata
 *(.rel.rodata)
 *(.rel.rodata.*)
 *(.rel.gnu.linkonce.r*)

.rela.rodata
 *(.rela.rodata)
 *(.rela.rodata.*)
 *(.rela.gnu.linkonce.r*)

.rel.data
 *(.rel.data)
 *(.rel.data.*)
 *(.rel.gnu.linkonce.d*)

.rela.data
 *(.rela.data)
 *(.rela.data.*)
 *(.rela.gnu.linkonce.d*)

.rel.ctors
 *(.rel.ctors)

.rela.ctors
 *(.rela.ctors)

.rel.dtors
 *(.rel.dtors)

.rela.dtors
 *(.rela.dtors)

.rel.got
 *(.rel.got)

.rela.got
 *(.rela.got)

.rel.bss
 *(.rel.bss)

.rela.bss
 *(.rela.bss)

.rel.plt
 *(.rel.plt)

.rela.plt
 *(.rela.plt)

.text           0x00000000     0x10d4
 *(.vectors)
 .vectors       0x00000000       0x26 C:/Program Files (x86)/Atmel/Studio/7.0/Packs/atmel/ATmega_DFP/1.7.374/gcc/dev/atmega8/avr4/crtatmega8.o
                0x00000000                __vector_default
                0x00000000                __vectors
 *(.vectors)
 *(.progmem.gcc*)
 .progmem.gcc_sw_table.ShortToString
                0x00000026       0x14 main.o
                0x0000003a                . = ALIGN (0x2)
                0x0000003a                __trampolines_start = .
 *(.trampolines)
 .trampolines   0x0000003a        0x0 linker stubs
 *(.trampolines*)
                0x0000003a                __trampolines_end = .
 *libprintf_flt.a:*(.progmem.data)
 *libc.a:*(.progmem.data)
 *(.progmem*)
                0x0000003a                . = ALIGN (0x2)
 *(.jumptables)
 *(.jumptables*)
 *(.lowtext)
 *(.lowtext*)
                0x0000003a                __ctors_start = .
 *(.ctors)
                0x0000003a                __ctors_end = .
                0x0000003a                __dtors_start = .
 *(.dtors)
                0x0000003a                __dtors_end = .
 SORT(*)(.ctors)
 SORT(*)(.dtors)
 *(.init0)
 .init0         0x0000003a        0x0 C:/Program Files (x86)/Atmel/Studio/7.0/Packs/atmel/ATmega_DFP/1.7.374/gcc/dev/atmega8/avr4/crtatmega8.o
                0x0000003a                __init
 *(.init0)
 *(.init1)
 *(.init1)
 *(.init2)
 .init2         0x0000003a        0xc C:/Program Files (x86)/Atmel/Studio/7.0/Packs/atmel/ATmega_DFP/1.7.374/gcc/dev/atmega8/avr4/crtatmega8.o
 *(.init2)
 *(.init3)
 *(.init3)
 *(.init4)
 .init4         0x00000046       0x16 c:/program files (x86)/atmel/studio/7.0/toolchain/avr8/avr8-gnu-toolchain/bin/../lib/gcc/avr/5.4.0/avr4\libgcc.a(_copy_data.o)
                0x00000046                __do_copy_data
 .init4         0x0000005c       0x10 c:/program files (x86)/atmel/studio/7.0/toolchain/avr8/avr8-gnu-toolchain/bin/../lib/gcc/avr/5.4.0/avr4\libgcc.a(_clear_bss.o)
                0x0000005c                __do_clear_bss
 *(.init4)
 *(.init5)
 *(.init5)
 *(.init6)
 *(.init6)
 *(.init7)
 *(.init7)
 *(.init8)
 *(.init8)
 *(.init9)
 .init9         0x0000006c        0x4 C:/Program Files (x86)/Atmel/Studio/7.0/Packs/atmel/ATmega_DFP/1.7.374/gcc/dev/atmega8/avr4/crtatmega8.o
 *(.init9)
 *(.text)
 .text          0x00000070        0x2 C:/Program Files (x86)/Atmel/Studio/7.0/Packs/atmel/ATmega_DFP/1.7.374/gcc/dev/atmega8/avr4/crtatmega8.o
                0x00000070                __vector_12
                0x00000070                __bad_interrupt
                0x00000070                __vector_6
                0x00000070                __vector_3
                0x00000070                __vector_11
                0x00000070                __vector_13
                0x00000070                __vector_17
                0x00000070                __vector_7
                0x00000070                __vector_5
                0x00000070                __vector_4
                0x00000070                __vector_9
                0x00000070                __vector_15
                0x00000070                __vector_8
                0x00000070                __vector_14
                0x00000070                __vector_10
                0x00000070                __vector_16
                0x00000070                __vector_18
                0x00000072                . = ALIGN (0x2)
 *(.text.*)
 .text.Buzzer_INIT
                0x00000072        0xc ECU_Layer/Buzzer/Buzzer.o
                0x00000072                Buzzer_INIT
 .text.Buzzer_Play
                0x0000007e        0xe ECU_Layer/Buzzer/Buzzer.o
                0x0000007e                Buzzer_Play
 .text.Buzzer_Stop
                0x0000008c        0xe ECU_Layer/Buzzer/Buzzer.o
                0x0000008c                Buzzer_Stop
 .text.Door_Motor_Init
                0x0000009a       0x12 ECU_Layer/Door_Motor/Door_Motor.o
                0x0000009a                Door_Motor_Init
 .text.Door_Motor_Open
                0x000000ac       0x18 ECU_Layer/Door_Motor/Door_Motor.o
                0x000000ac                Door_Motor_Open
 .text.Door_Motor_Close
                0x000000c4       0x18 ECU_Layer/Door_Motor/Door_Motor.o
                0x000000c4                Door_Motor_Close
 .text.Door_Motor_Stop
                0x000000dc       0x18 ECU_Layer/Door_Motor/Door_Motor.o
                0x000000dc                Door_Motor_Stop
 .text.Keypad_Get_char
                0x000000f4      0x114 ECU_Layer/Keypad/Keypad.o
 .text.Keypad_Init
                0x00000208       0x6c ECU_Layer/Keypad/Keypad.o
                0x00000208                Keypad_Init
 .text.Keypad_Get_Check_Password
                0x00000274       0xda ECU_Layer/Keypad/Keypad.o
                0x00000274                Keypad_Get_Check_Password
 .text.RGB_LED_INIT
                0x0000034e       0x1c ECU_Layer/RGB_Mdule/RGB.o
                0x0000034e                RGB_LED_INIT
 .text.RGB_LED_RED
                0x0000036a       0x20 ECU_Layer/RGB_Mdule/RGB.o
                0x0000036a                RGB_LED_RED
 .text.RGB_LED_BLUE
                0x0000038a       0x20 ECU_Layer/RGB_Mdule/RGB.o
                0x0000038a                RGB_LED_BLUE
 .text.RGB_LED_GREEN
                0x000003aa       0x20 ECU_Layer/RGB_Mdule/RGB.o
                0x000003aa                RGB_LED_GREEN
 .text.PIR_Sense
                0x000003ca        0x8 main.o
                0x000003ca                PIR_Sense
 .text.Door_OpenCV
                0x000003d2        0x8 main.o
                0x000003d2                Door_OpenCV
 .text.Initialize
                0x000003da       0x6a main.o
                0x000003da                Initialize
 .text.Temperature
                0x00000444       0xfa main.o
                0x00000444                Temperature
 .text.Lighting
                0x0000053e       0x80 main.o
                0x0000053e                Lighting
 .text.Open_Door
                0x000005be       0x60 main.o
                0x000005be                Open_Door
 .text.ShortToString
                0x0000061e      0x16a main.o
                0x0000061e                ShortToString
 .text.PrintStatus
                0x00000788       0x56 main.o
                0x00000788                PrintStatus
 .text.main     0x000007de       0x8e main.o
                0x000007de                main
 .text.ADC_Initialize
                0x0000086c       0x38 MCAL_Layer/ADC/ADC.o
                0x0000086c                ADC_Initialize
 .text.ADC_Read
                0x000008a4       0x2c MCAL_Layer/ADC/ADC.o
                0x000008a4                ADC_Read
 .text.GPIO_PIN_Write_logic
                0x000008d0       0x86 MCAL_Layer/GPIO.o
                0x000008d0                GPIO_PIN_Write_logic
 .text.GPIO_PIN_Read_Logic
                0x00000956       0x4a MCAL_Layer/GPIO.o
                0x00000956                GPIO_PIN_Read_Logic
 .text.GPIO_PIN_Give_Direction
                0x000009a0       0x86 MCAL_Layer/GPIO.o
                0x000009a0                GPIO_PIN_Give_Direction
 .text.GPIO_PIN_Initialize
                0x00000a26       0x1e MCAL_Layer/GPIO.o
                0x00000a26                GPIO_PIN_Initialize
 .text.INT0_Init
                0x00000a44       0x2c MCAL_Layer/Interrupt/External_Interrupt.o
 .text.INT1_Init
                0x00000a70       0x3a MCAL_Layer/Interrupt/External_Interrupt.o
 .text.INTx_Initialize
                0x00000aaa       0x20 MCAL_Layer/Interrupt/External_Interrupt.o
                0x00000aaa                INTx_Initialize
 .text.__vector_1
                0x00000aca       0x58 MCAL_Layer/Interrupt/External_Interrupt.o
                0x00000aca                __vector_1
 .text.__vector_2
                0x00000b22       0x58 MCAL_Layer/Interrupt/External_Interrupt.o
                0x00000b22                __vector_2
 .text.PWM_Init
                0x00000b7a       0x4c MCAL_Layer/PWM/PWM.o
                0x00000b7a                PWM_Init
 .text.PWM_Write
                0x00000bc6       0x14 MCAL_Layer/PWM/PWM.o
                0x00000bc6                PWM_Write
 .text.USART_Init
                0x00000bda       0x10 MCAL_Layer/USART/USART.o
                0x00000bda                USART_Init
 .text.USART_Trans
                0x00000bea        0x8 MCAL_Layer/USART/USART.o
                0x00000bea                USART_Trans
 .text.USART_SendStr
                0x00000bf2       0x18 MCAL_Layer/USART/USART.o
                0x00000bf2                USART_SendStr
 .text.avr-libc.fplib
                0x00000c0a        0xa c:/program files (x86)/atmel/studio/7.0/toolchain/avr8/avr8-gnu-toolchain/bin/../lib/gcc/avr/5.4.0/../../../../avr/lib/avr4\libm.a(addsf3.o)
                0x00000c0a                __subsf3
                0x00000c0c                __addsf3
 .text.avr-libc.fplib
                0x00000c14       0xc0 c:/program files (x86)/atmel/studio/7.0/toolchain/avr8/avr8-gnu-toolchain/bin/../lib/gcc/avr/5.4.0/../../../../avr/lib/avr4\libm.a(addsf3x.o)
                0x00000c2e                __addsf3x
 .text.avr-libc.fplib
                0x00000cd4        0x4 c:/program files (x86)/atmel/studio/7.0/toolchain/avr8/avr8-gnu-toolchain/bin/../lib/gcc/avr/5.4.0/../../../../avr/lib/avr4\libm.a(divsf3.o)
                0x00000cd4                __divsf3
 .text.avr-libc.fplib
                0x00000cd8       0xcc c:/program files (x86)/atmel/studio/7.0/toolchain/avr8/avr8-gnu-toolchain/bin/../lib/gcc/avr/5.4.0/../../../../avr/lib/avr4\libm.a(divsf3x.o)
                0x00000cee                __divsf3x
                0x00000cf2                __divsf3_pse
 .text.avr-libc.fplib
                0x00000da4       0x58 c:/program files (x86)/atmel/studio/7.0/toolchain/avr8/avr8-gnu-toolchain/bin/../lib/gcc/avr/5.4.0/../../../../avr/lib/avr4\libm.a(fixunssfsi.o)
                0x00000da4                __fixunssfsi
 .text.avr-libc.fplib
                0x00000dfc       0x7a c:/program files (x86)/atmel/studio/7.0/toolchain/avr8/avr8-gnu-toolchain/bin/../lib/gcc/avr/5.4.0/../../../../avr/lib/avr4\libm.a(floatsisf.o)
                0x00000dfc                __floatunsisf
                0x00000e00                __floatsisf
 .text.avr-libc.fplib
                0x00000e76        0xc c:/program files (x86)/atmel/studio/7.0/toolchain/avr8/avr8-gnu-toolchain/bin/../lib/gcc/avr/5.4.0/../../../../avr/lib/avr4\libm.a(fp_inf.o)
                0x00000e76                __fp_inf
 .text.avr-libc.fplib
                0x00000e82        0x6 c:/program files (x86)/atmel/studio/7.0/toolchain/avr8/avr8-gnu-toolchain/bin/../lib/gcc/avr/5.4.0/../../../../avr/lib/avr4\libm.a(fp_nan.o)
                0x00000e82                __fp_nan
 .text.avr-libc.fplib
                0x00000e88        0xe c:/program files (x86)/atmel/studio/7.0/toolchain/avr8/avr8-gnu-toolchain/bin/../lib/gcc/avr/5.4.0/../../../../avr/lib/avr4\libm.a(fp_pscA.o)
                0x00000e88                __fp_pscA
 .text.avr-libc.fplib
                0x00000e96        0xe c:/program files (x86)/atmel/studio/7.0/toolchain/avr8/avr8-gnu-toolchain/bin/../lib/gcc/avr/5.4.0/../../../../avr/lib/avr4\libm.a(fp_pscB.o)
                0x00000e96                __fp_pscB
 .text.avr-libc.fplib
                0x00000ea4       0x22 c:/program files (x86)/atmel/studio/7.0/toolchain/avr8/avr8-gnu-toolchain/bin/../lib/gcc/avr/5.4.0/../../../../avr/lib/avr4\libm.a(fp_round.o)
                0x00000ea4                __fp_round
 .text.avr-libc.fplib
                0x00000ec6       0x44 c:/program files (x86)/atmel/studio/7.0/toolchain/avr8/avr8-gnu-toolchain/bin/../lib/gcc/avr/5.4.0/../../../../avr/lib/avr4\libm.a(fp_split3.o)
                0x00000ec6                __fp_split3
                0x00000ed6                __fp_splitA
 .text.avr-libc.fplib
                0x00000f0a        0xe c:/program files (x86)/atmel/studio/7.0/toolchain/avr8/avr8-gnu-toolchain/bin/../lib/gcc/avr/5.4.0/../../../../avr/lib/avr4\libm.a(fp_zero.o)
                0x00000f0a                __fp_zero
                0x00000f0c                __fp_szero
 .text.avr-libc.fplib
                0x00000f18        0x4 c:/program files (x86)/atmel/studio/7.0/toolchain/avr8/avr8-gnu-toolchain/bin/../lib/gcc/avr/5.4.0/../../../../avr/lib/avr4\libm.a(mulsf3.o)
                0x00000f18                __mulsf3
 .text.avr-libc.fplib
                0x00000f1c       0xc2 c:/program files (x86)/atmel/studio/7.0/toolchain/avr8/avr8-gnu-toolchain/bin/../lib/gcc/avr/5.4.0/../../../../avr/lib/avr4\libm.a(mulsf3x.o)
                0x00000f30                __mulsf3x
                0x00000f34                __mulsf3_pse
 .text.avr-libc.fplib
                0x00000fde       0x40 c:/program files (x86)/atmel/studio/7.0/toolchain/avr8/avr8-gnu-toolchain/bin/../lib/gcc/avr/5.4.0/../../../../avr/lib/avr4\libm.a(round.o)
                0x00000fde                round
 .text.avr-libc.fplib
                0x0000101e       0x36 c:/program files (x86)/atmel/studio/7.0/toolchain/avr8/avr8-gnu-toolchain/bin/../lib/gcc/avr/5.4.0/../../../../avr/lib/avr4\libm.a(fp_mintl.o)
                0x0000101e                __fp_mintl
 .text.avr-libc.fplib
                0x00001054       0x1c c:/program files (x86)/atmel/studio/7.0/toolchain/avr8/avr8-gnu-toolchain/bin/../lib/gcc/avr/5.4.0/../../../../avr/lib/avr4\libm.a(fp_mpack.o)
                0x00001054                __fp_mpack
                0x00001058                __fp_mpack_finite
 .text.libgcc.div
                0x00001070       0x26 c:/program files (x86)/atmel/studio/7.0/toolchain/avr8/avr8-gnu-toolchain/bin/../lib/gcc/avr/5.4.0/avr4\libgcc.a(_divmodhi4.o)
                0x00001070                _div
                0x00001070                __divmodhi4
 .text.libgcc.div
                0x00001096       0x28 c:/program files (x86)/atmel/studio/7.0/toolchain/avr8/avr8-gnu-toolchain/bin/../lib/gcc/avr/5.4.0/avr4\libgcc.a(_udivmodhi4.o)
                0x00001096                __udivmodhi4
 .text.avr-libc
                0x000010be       0x12 c:/program files (x86)/atmel/studio/7.0/toolchain/avr8/avr8-gnu-toolchain/bin/../lib/gcc/avr/5.4.0/../../../../avr/lib/avr4\libc.a(strcmp.o)
                0x000010be                strcmp
                0x000010d0                . = ALIGN (0x2)
 *(.fini9)
 .fini9         0x000010d0        0x0 c:/program files (x86)/atmel/studio/7.0/toolchain/avr8/avr8-gnu-toolchain/bin/../lib/gcc/avr/5.4.0/avr4\libgcc.a(_exit.o)
                0x000010d0                _exit
                0x000010d0                exit
 *(.fini9)
 *(.fini8)
 *(.fini8)
 *(.fini7)
 *(.fini7)
 *(.fini6)
 *(.fini6)
 *(.fini5)
 *(.fini5)
 *(.fini4)
 *(.fini4)
 *(.fini3)
 *(.fini3)
 *(.fini2)
 *(.fini2)
 *(.fini1)
 *(.fini1)
 *(.fini0)
 .fini0         0x000010d0        0x4 c:/program files (x86)/atmel/studio/7.0/toolchain/avr8/avr8-gnu-toolchain/bin/../lib/gcc/avr/5.4.0/avr4\libgcc.a(_exit.o)
 *(.fini0)
                0x000010d4                _etext = .

.data           0x00800060      0x172 load address 0x000010d4
                0x00800060                PROVIDE (__data_start, .)
 *(.data)
 *(.data*)
 .data.password
                0x00800060        0x2 main.o
                0x00800060                password
 .data.flag     0x00800062        0x1 main.o
                0x00800062                flag
 .data.buzzer_  0x00800063        0x4 main.o
                0x00800063                buzzer_
 .data.door_motor
                0x00800067        0x8 main.o
                0x00800067                door_motor
 .data.rgb      0x0080006f        0x8 main.o
                0x0080006f                rgb
 .data.lighting_led
                0x00800077        0x1 main.o
                0x00800077                lighting_led
 .data.keypad__
                0x00800078       0x1e main.o
                0x00800078                keypad__
 .data.Door_Status
                0x00800096        0x4 main.o
                0x00800096                Door_Status
 .data.PIR_Sensor
                0x0080009a        0x4 main.o
                0x0080009a                PIR_Sensor
 .data.lighting_sensor
                0x0080009e        0x1 main.o
                0x0080009e                lighting_sensor
 .data.temp_sensor
                0x0080009f        0x1 main.o
                0x0080009f                temp_sensor
 .data.PWM      0x008000a0        0x2 main.o
                0x008000a0                PWM
 .data.adc      0x008000a2        0x2 main.o
                0x008000a2                adc
 .data.status   0x008000a4        0x1 main.o
                0x008000a4                status
 .data.PIN_REG  0x008000a5        0x6 MCAL_Layer/GPIO.o
                0x008000a5                PIN_REG
 .data.DDR_REG  0x008000ab        0x6 MCAL_Layer/GPIO.o
                0x008000ab                DDR_REG
 .data.PORT_REG
                0x008000b1        0x6 MCAL_Layer/GPIO.o
                0x008000b1                PORT_REG
 *(.gnu.linkonce.d*)
 *(.rodata)
 *(.rodata*)
 .rodata.keypad
                0x008000b7        0xc ECU_Layer/Keypad/Keypad.o
                0x008000b7                keypad
 .rodata.str1.1
                0x008000c3      0x10e main.o
 *(.gnu.linkonce.r*)
                0x008001d2                . = ALIGN (0x2)
 *fill*         0x008001d1        0x1 
                0x008001d2                _edata = .
                0x008001d2                PROVIDE (__data_end, .)

.bss            0x008001d2       0x1d
                0x008001d2                PROVIDE (__bss_start, .)
 *(.bss)
 *(.bss*)
 .bss.str_status
                0x008001d2        0x6 main.o
                0x008001d2                str_status
 .bss.IsPassTrue
                0x008001d8        0x1 main.o
                0x008001d8                IsPassTrue
 .bss.Door_Flag
                0x008001d9        0x1 main.o
                0x008001d9                Door_Flag
 .bss.PIR_Flag  0x008001da        0x1 main.o
                0x008001da                PIR_Flag
 .bss.motor_en  0x008001db        0x1 main.o
                0x008001db                motor_en
 .bss.INT1_InterruptHandler
                0x008001dc        0x2 MCAL_Layer/Interrupt/External_Interrupt.o
 .bss.INT0_InterruptHandler
                0x008001de        0x2 MCAL_Layer/Interrupt/External_Interrupt.o
 *(COMMON)
 COMMON         0x008001e0        0xf main.o
                0x008001e0                TMP
                0x008001e2                motor_speed
                0x008001e4                EnterPass
                0x008001e9                Light
                0x008001eb                led_brightness
                0x008001ed                value
                0x008001ef                PROVIDE (__bss_end, .)
                0x000010d4                __data_load_start = LOADADDR (.data)
                0x00001246                __data_load_end = (__data_load_start + SIZEOF (.data))

.noinit         0x008001ef        0x0
                [!provide]                PROVIDE (__noinit_start, .)
 *(.noinit*)
                [!provide]                PROVIDE (__noinit_end, .)
                0x008001ef                _end = .
                [!provide]                PROVIDE (__heap_start, .)

.eeprom         0x00810000        0x0
 *(.eeprom*)
                0x00810000                __eeprom_end = .

.fuse
 *(.fuse)
 *(.lfuse)
 *(.hfuse)
 *(.efuse)

.lock
 *(.lock*)

.signature
 *(.signature*)

.user_signatures
 *(.user_signatures*)

.stab
 *(.stab)

.stabstr
 *(.stabstr)

.stab.excl
 *(.stab.excl)

.stab.exclstr
 *(.stab.exclstr)

.stab.index
 *(.stab.index)

.stab.indexstr
 *(.stab.indexstr)

.comment        0x00000000       0x30
 *(.comment)
 .comment       0x00000000       0x30 ECU_Layer/Buzzer/Buzzer.o
                                 0x31 (size before relaxing)
 .comment       0x00000030       0x31 ECU_Layer/Door_Motor/Door_Motor.o
 .comment       0x00000030       0x31 ECU_Layer/Keypad/Keypad.o
 .comment       0x00000030       0x31 ECU_Layer/RGB_Mdule/RGB.o
 .comment       0x00000030       0x31 main.o
 .comment       0x00000030       0x31 MCAL_Layer/ADC/ADC.o
 .comment       0x00000030       0x31 MCAL_Layer/GPIO.o
 .comment       0x00000030       0x31 MCAL_Layer/Interrupt/External_Interrupt.o
 .comment       0x00000030       0x31 MCAL_Layer/PWM/PWM.o
 .comment       0x00000030       0x31 MCAL_Layer/USART/USART.o

.note.gnu.avr.deviceinfo
                0x00000000       0x3c
 .note.gnu.avr.deviceinfo
                0x00000000       0x3c C:/Program Files (x86)/Atmel/Studio/7.0/Packs/atmel/ATmega_DFP/1.7.374/gcc/dev/atmega8/avr4/crtatmega8.o

.note.gnu.build-id
 *(.note.gnu.build-id)

.debug
 *(.debug)

.line
 *(.line)

.debug_srcinfo
 *(.debug_srcinfo)

.debug_sfnames
 *(.debug_sfnames)

.debug_aranges  0x00000000      0x2a8
 *(.debug_aranges)
 .debug_aranges
                0x00000000       0x30 ECU_Layer/Buzzer/Buzzer.o
 .debug_aranges
                0x00000030       0x38 ECU_Layer/Door_Motor/Door_Motor.o
 .debug_aranges
                0x00000068       0x30 ECU_Layer/Keypad/Keypad.o
 .debug_aranges
                0x00000098       0x40 ECU_Layer/RGB_Mdule/RGB.o
 .debug_aranges
                0x000000d8       0x60 main.o
 .debug_aranges
                0x00000138       0x30 MCAL_Layer/ADC/ADC.o
 .debug_aranges
                0x00000168       0x88 MCAL_Layer/GPIO.o
 .debug_aranges
                0x000001f0       0x58 MCAL_Layer/Interrupt/External_Interrupt.o
 .debug_aranges
                0x00000248       0x30 MCAL_Layer/PWM/PWM.o
 .debug_aranges
                0x00000278       0x30 MCAL_Layer/USART/USART.o

.debug_pubnames
 *(.debug_pubnames)

.debug_info     0x00000000     0x313f
 *(.debug_info .gnu.linkonce.wi.*)
 .debug_info    0x00000000      0x48c C:/Program Files (x86)/Atmel/Studio/7.0/Packs/atmel/ATmega_DFP/1.7.374/gcc/dev/atmega8/avr4/crtatmega8.o
 .debug_info    0x0000048c      0x2b9 ECU_Layer/Buzzer/Buzzer.o
 .debug_info    0x00000745      0x2eb ECU_Layer/Door_Motor/Door_Motor.o
 .debug_info    0x00000a30      0x51d ECU_Layer/Keypad/Keypad.o
 .debug_info    0x00000f4d      0x40c ECU_Layer/RGB_Mdule/RGB.o
 .debug_info    0x00001359      0xe9c main.o
 .debug_info    0x000021f5      0x293 MCAL_Layer/ADC/ADC.o
 .debug_info    0x00002488      0x660 MCAL_Layer/GPIO.o
 .debug_info    0x00002ae8      0x308 MCAL_Layer/Interrupt/External_Interrupt.o
 .debug_info    0x00002df0      0x24e MCAL_Layer/PWM/PWM.o
 .debug_info    0x0000303e      0x101 MCAL_Layer/USART/USART.o

.debug_abbrev   0x00000000      0xf3f
 *(.debug_abbrev)
 .debug_abbrev  0x00000000      0x44e C:/Program Files (x86)/Atmel/Studio/7.0/Packs/atmel/ATmega_DFP/1.7.374/gcc/dev/atmega8/avr4/crtatmega8.o
 .debug_abbrev  0x0000044e       0xe0 ECU_Layer/Buzzer/Buzzer.o
 .debug_abbrev  0x0000052e       0xe3 ECU_Layer/Door_Motor/Door_Motor.o
 .debug_abbrev  0x00000611      0x15a ECU_Layer/Keypad/Keypad.o
 .debug_abbrev  0x0000076b       0xff ECU_Layer/RGB_Mdule/RGB.o
 .debug_abbrev  0x0000086a      0x227 main.o
 .debug_abbrev  0x00000a91       0xcf MCAL_Layer/ADC/ADC.o
 .debug_abbrev  0x00000b60      0x129 MCAL_Layer/GPIO.o
 .debug_abbrev  0x00000c89      0x121 MCAL_Layer/Interrupt/External_Interrupt.o
 .debug_abbrev  0x00000daa       0xe0 MCAL_Layer/PWM/PWM.o
 .debug_abbrev  0x00000e8a       0xb5 MCAL_Layer/USART/USART.o

.debug_line     0x00000000     0x1709
 *(.debug_line .debug_line.* .debug_line_end)
 .debug_line    0x00000000      0x10a C:/Program Files (x86)/Atmel/Studio/7.0/Packs/atmel/ATmega_DFP/1.7.374/gcc/dev/atmega8/avr4/crtatmega8.o
 .debug_line    0x0000010a       0xed ECU_Layer/Buzzer/Buzzer.o
 .debug_line    0x000001f7      0x1c3 ECU_Layer/Door_Motor/Door_Motor.o
 .debug_line    0x000003ba      0x296 ECU_Layer/Keypad/Keypad.o
 .debug_line    0x00000650      0x159 ECU_Layer/RGB_Mdule/RGB.o
 .debug_line    0x000007a9      0x564 main.o
 .debug_line    0x00000d0d      0x186 MCAL_Layer/ADC/ADC.o
 .debug_line    0x00000e93      0x398 MCAL_Layer/GPIO.o
 .debug_line    0x0000122b      0x260 MCAL_Layer/Interrupt/External_Interrupt.o
 .debug_line    0x0000148b      0x175 MCAL_Layer/PWM/PWM.o
 .debug_line    0x00001600      0x109 MCAL_Layer/USART/USART.o

.debug_frame    0x00000000      0x600
 *(.debug_frame)
 .debug_frame   0x00000000       0x44 ECU_Layer/Buzzer/Buzzer.o
 .debug_frame   0x00000044       0x54 ECU_Layer/Door_Motor/Door_Motor.o
 .debug_frame   0x00000098      0x10c ECU_Layer/Keypad/Keypad.o
 .debug_frame   0x000001a4       0xa0 ECU_Layer/RGB_Mdule/RGB.o
 .debug_frame   0x00000244       0xb4 main.o
 .debug_frame   0x000002f8       0x44 MCAL_Layer/ADC/ADC.o
 .debug_frame   0x0000033c      0x10c MCAL_Layer/GPIO.o
 .debug_frame   0x00000448      0x124 MCAL_Layer/Interrupt/External_Interrupt.o
 .debug_frame   0x0000056c       0x44 MCAL_Layer/PWM/PWM.o
 .debug_frame   0x000005b0       0x50 MCAL_Layer/USART/USART.o

.debug_str      0x00000000      0xee3
 *(.debug_str)
 .debug_str     0x00000000      0x17a C:/Program Files (x86)/Atmel/Studio/7.0/Packs/atmel/ATmega_DFP/1.7.374/gcc/dev/atmega8/avr4/crtatmega8.o
 .debug_str     0x0000017a      0x300 ECU_Layer/Buzzer/Buzzer.o
                                0x340 (size before relaxing)
 .debug_str     0x0000047a       0xc6 ECU_Layer/Door_Motor/Door_Motor.o
                                0x37c (size before relaxing)
 .debug_str     0x00000540      0x10f ECU_Layer/Keypad/Keypad.o
                                0x408 (size before relaxing)
 .debug_str     0x0000064f       0x77 ECU_Layer/RGB_Mdule/RGB.o
                                0x35f (size before relaxing)
 .debug_str     0x000006c6      0x553 main.o
                                0x979 (size before relaxing)
 .debug_str     0x00000c19       0x47 MCAL_Layer/ADC/ADC.o
                                0x372 (size before relaxing)
 .debug_str     0x00000c60      0x169 MCAL_Layer/GPIO.o
                                0x47e (size before relaxing)
 .debug_str     0x00000dc9       0xb2 MCAL_Layer/Interrupt/External_Interrupt.o
                                0x336 (size before relaxing)
 .debug_str     0x00000e7b       0x35 MCAL_Layer/PWM/PWM.o
                                0x37f (size before relaxing)
 .debug_str     0x00000eb0       0x33 MCAL_Layer/USART/USART.o
                                0x1e1 (size before relaxing)

.debug_loc      0x00000000     0x1dad
 *(.debug_loc)
 .debug_loc     0x00000000      0x16e ECU_Layer/Buzzer/Buzzer.o
 .debug_loc     0x0000016e      0x18c ECU_Layer/Door_Motor/Door_Motor.o
 .debug_loc     0x000002fa      0x6cd ECU_Layer/Keypad/Keypad.o
 .debug_loc     0x000009c7      0x357 ECU_Layer/RGB_Mdule/RGB.o
 .debug_loc     0x00000d1e      0x34b main.o
 .debug_loc     0x00001069      0x123 MCAL_Layer/ADC/ADC.o
 .debug_loc     0x0000118c      0x7ac MCAL_Layer/GPIO.o
 .debug_loc     0x00001938      0x354 MCAL_Layer/Interrupt/External_Interrupt.o
 .debug_loc     0x00001c8c       0xca MCAL_Layer/PWM/PWM.o
 .debug_loc     0x00001d56       0x57 MCAL_Layer/USART/USART.o

.debug_macinfo
 *(.debug_macinfo)

.debug_weaknames
 *(.debug_weaknames)

.debug_funcnames
 *(.debug_funcnames)

.debug_typenames
 *(.debug_typenames)

.debug_varnames
 *(.debug_varnames)

.debug_pubtypes
 *(.debug_pubtypes)

.debug_ranges   0x00000000      0x208
 *(.debug_ranges)
 .debug_ranges  0x00000000       0x20 ECU_Layer/Buzzer/Buzzer.o
 .debug_ranges  0x00000020       0x28 ECU_Layer/Door_Motor/Door_Motor.o
 .debug_ranges  0x00000048       0x20 ECU_Layer/Keypad/Keypad.o
 .debug_ranges  0x00000068       0x30 ECU_Layer/RGB_Mdule/RGB.o
 .debug_ranges  0x00000098       0x50 main.o
 .debug_ranges  0x000000e8       0x20 MCAL_Layer/ADC/ADC.o
 .debug_ranges  0x00000108       0x78 MCAL_Layer/GPIO.o
 .debug_ranges  0x00000180       0x48 MCAL_Layer/Interrupt/External_Interrupt.o
 .debug_ranges  0x000001c8       0x20 MCAL_Layer/PWM/PWM.o
 .debug_ranges  0x000001e8       0x20 MCAL_Layer/USART/USART.o

.debug_macro
 *(.debug_macro)
OUTPUT(Smart_Home.elf elf32-avr)
LOAD linker stubs
