Archive member included to satisfy reference by file (symbol)

c:/program files (x86)/atmel/studio/7.0/toolchain/avr8/avr8-gnu-toolchain/bin/../lib/gcc/avr/5.4.0/../../../../avr/lib/avr4\libm.a(addsf3.o)
                              main.o (__subsf3)
c:/program files (x86)/atmel/studio/7.0/toolchain/avr8/avr8-gnu-toolchain/bin/../lib/gcc/avr/5.4.0/../../../../avr/lib/avr4\libm.a(addsf3x.o)
                              c:/program files (x86)/atmel/studio/7.0/toolchain/avr8/avr8-gnu-toolchain/bin/../lib/gcc/avr/5.4.0/../../../../avr/lib/avr4\libm.a(addsf3.o) (__addsf3x)
c:/program files (x86)/atmel/studio/7.0/toolchain/avr8/avr8-gnu-toolchain/bin/../lib/gcc/avr/5.4.0/../../../../avr/lib/avr4\libm.a(divsf3.o)
                              main.o (__divsf3)
c:/program files (x86)/atmel/studio/7.0/toolchain/avr8/avr8-gnu-toolchain/bin/../lib/gcc/avr/5.4.0/../../../../avr/lib/avr4\libm.a(divsf3x.o)
                              c:/program files (x86)/atmel/studio/7.0/toolchain/avr8/avr8-gnu-toolchain/bin/../lib/gcc/avr/5.4.0/../../../../avr/lib/avr4\libm.a(divsf3.o) (__divsf3x)
c:/program files (x86)/atmel/studio/7.0/toolchain/avr8/avr8-gnu-toolchain/bin/../lib/gcc/avr/5.4.0/../../../../avr/lib/avr4\libm.a(fixunssfsi.o)
                              main.o (__fixunssfsi)
c:/program files (x86)/atmel/studio/7.0/toolchain/avr8/avr8-gnu-toolchain/bin/../lib/gcc/avr/5.4.0/../../../../avr/lib/avr4\libm.a(floatsisf.o)
                              main.o (__floatsisf)
c:/program files (x86)/atmel/studio/7.0/toolchain/avr8/avr8-gnu-toolchain/bin/../lib/gcc/avr/5.4.0/../../../../avr/lib/avr4\libm.a(fp_inf.o)
                              c:/program files (x86)/atmel/studio/7.0/toolchain/avr8/avr8-gnu-toolchain/bin/../lib/gcc/avr/5.4.0/../../../../avr/lib/avr4\libm.a(addsf3x.o) (__fp_inf)
c:/program files (x86)/atmel/studio/7.0/toolchain/avr8/avr8-gnu-toolchain/bin/../lib/gcc/avr/5.4.0/../../../../avr/lib/avr4\libm.a(fp_nan.o)
                              c:/program files (x86)/atmel/studio/7.0/toolchain/avr8/avr8-gnu-toolchain/bin/../lib/gcc/avr/5.4.0/../../../../avr/lib/avr4\libm.a(addsf3x.o) (__fp_nan)
c:/program files (x86)/atmel/studio/7.0/toolchain/avr8/avr8-gnu-toolchain/bin/../lib/gcc/avr/5.4.0/../../../../avr/lib/avr4\libm.a(fp_pscA.o)
                              c:/program files (x86)/atmel/studio/7.0/toolchain/avr8/avr8-gnu-toolchain/bin/../lib/gcc/avr/5.4.0/../../../../avr/lib/avr4\libm.a(addsf3x.o) (__fp_pscA)
c:/program files (x86)/atmel/studio/7.0/toolchain/avr8/avr8-gnu-toolchain/bin/../lib/gcc/avr/5.4.0/../../../../avr/lib/avr4\libm.a(fp_pscB.o)
                              c:/program files (x86)/atmel/studio/7.0/toolchain/avr8/avr8-gnu-toolchain/bin/../lib/gcc/avr/5.4.0/../../../../avr/lib/avr4\libm.a(addsf3x.o) (__fp_pscB)
c:/program files (x86)/atmel/studio/7.0/toolchain/avr8/avr8-gnu-toolchain/bin/../lib/gcc/avr/5.4.0/../../../../avr/lib/avr4\libm.a(fp_round.o)
                              c:/program files (x86)/atmel/studio/7.0/toolchain/avr8/avr8-gnu-toolchain/bin/../lib/gcc/avr/5.4.0/../../../../avr/lib/avr4\libm.a(addsf3.o) (__fp_round)
c:/program files (x86)/atmel/studio/7.0/toolchain/avr8/avr8-gnu-toolchain/bin/../lib/gcc/avr/5.4.0/../../../../avr/lib/avr4\libm.a(fp_split3.o)
                              c:/program files (x86)/atmel/studio/7.0/toolchain/avr8/avr8-gnu-toolchain/bin/../lib/gcc/avr/5.4.0/../../../../avr/lib/avr4\libm.a(addsf3x.o) (__fp_split3)
c:/program files (x86)/atmel/studio/7.0/toolchain/avr8/avr8-gnu-toolchain/bin/../lib/gcc/avr/5.4.0/../../../../avr/lib/avr4\libm.a(fp_zero.o)
                              c:/program files (x86)/atmel/studio/7.0/toolchain/avr8/avr8-gnu-toolchain/bin/../lib/gcc/avr/5.4.0/../../../../avr/lib/avr4\libm.a(addsf3x.o) (__fp_zero)
c:/program files (x86)/atmel/studio/7.0/toolchain/avr8/avr8-gnu-toolchain/bin/../lib/gcc/avr/5.4.0/../../../../avr/lib/avr4\libm.a(mulsf3.o)
                              main.o (__mulsf3)
c:/program files (x86)/atmel/studio/7.0/toolchain/avr8/avr8-gnu-toolchain/bin/../lib/gcc/avr/5.4.0/../../../../avr/lib/avr4\libm.a(mulsf3x.o)
                              c:/program files (x86)/atmel/studio/7.0/toolchain/avr8/avr8-gnu-toolchain/bin/../lib/gcc/avr/5.4.0/../../../../avr/lib/avr4\libm.a(mulsf3.o) (__mulsf3x)
c:/program files (x86)/atmel/studio/7.0/toolchain/avr8/avr8-gnu-toolchain/bin/../lib/gcc/avr/5.4.0/../../../../avr/lib/avr4\libm.a(round.o)
                              main.o (round)
c:/program files (x86)/atmel/studio/7.0/toolchain/avr8/avr8-gnu-toolchain/bin/../lib/gcc/avr/5.4.0/../../../../avr/lib/avr4\libm.a(fp_mintl.o)
                              c:/program files (x86)/atmel/studio/7.0/toolchain/avr8/avr8-gnu-toolchain/bin/../lib/gcc/avr/5.4.0/../../../../avr/lib/avr4\libm.a(round.o) (__fp_mintl)
c:/program files (x86)/atmel/studio/7.0/toolchain/avr8/avr8-gnu-toolchain/bin/../lib/gcc/avr/5.4.0/../../../../avr/lib/avr4\libm.a(fp_mpack.o)
                              c:/program files (x86)/atmel/studio/7.0/toolchain/avr8/avr8-gnu-toolchain/bin/../lib/gcc/avr/5.4.0/../../../../avr/lib/avr4\libm.a(round.o) (__fp_mpack)
c:/program files (x86)/atmel/studio/7.0/toolchain/avr8/avr8-gnu-toolchain/bin/../lib/gcc/avr/5.4.0/avr4\libgcc.a(_divmodhi4.o)
                              main.o (__divmodhi4)
c:/program files (x86)/atmel/studio/7.0/toolchain/avr8/avr8-gnu-toolchain/bin/../lib/gcc/avr/5.4.0/avr4\libgcc.a(_exit.o)
                              C:/Program Files (x86)/Atmel/Studio/7.0/Packs/atmel/ATmega_DFP/1.7.374/gcc/dev/atmega8/avr4/crtatmega8.o (exit)
c:/program files (x86)/atmel/studio/7.0/toolchain/avr8/avr8-gnu-toolchain/bin/../lib/gcc/avr/5.4.0/avr4\libgcc.a(_copy_data.o)
                              ECU_Layer/Keypad/Keypad.o (__do_copy_data)
c:/program files (x86)/atmel/studio/7.0/toolchain/avr8/avr8-gnu-toolchain/bin/../lib/gcc/avr/5.4.0/avr4\libgcc.a(_clear_bss.o)
                              main.o (__do_clear_bss)
c:/program files (x86)/atmel/studio/7.0/toolchain/avr8/avr8-gnu-toolchain/bin/../lib/gcc/avr/5.4.0/avr4\libgcc.a(_udivmodhi4.o)
                              c:/program files (x86)/atmel/studio/7.0/toolchain/avr8/avr8-gnu-toolchain/bin/../lib/gcc/avr/5.4.0/avr4\libgcc.a(_divmodhi4.o) (__udivmodhi4)
c:/program files (x86)/atmel/studio/7.0/toolchain/avr8/avr8-gnu-toolchain/bin/../lib/gcc/avr/5.4.0/../../../../avr/lib/avr4\libc.a(strcmp.o)
                              ECU_Layer/Keypad/Keypad.o (strcmp)

Allocating common symbols
Common symbol       size              file

TMP                 0x2               main.o
motor_speed         0x2               main.o
flag                0x2               MCAL_Layer/USART/USART.o
EnterPass           0x5               main.o
LDR_Reading         0x2               main.o
Light               0x2               main.o
led_brightness      0x2               main.o
LD35DZ_Reading      0x2               main.o
interruptHandler    0x2               MCAL_Layer/USART/USART.o
var                 0x1               main.o

Discarded input sections

 .data          0x00000000        0x0 C:/Program Files (x86)/Atmel/Studio/7.0/Packs/atmel/ATmega_DFP/1.7.374/gcc/dev/atmega8/avr4/crtatmega8.o
 .bss           0x00000000        0x0 C:/Program Files (x86)/Atmel/Studio/7.0/Packs/atmel/ATmega_DFP/1.7.374/gcc/dev/atmega8/avr4/crtatmega8.o
 .text          0x00000000        0x0 ECU_Layer/Buzzer/Buzzer.o
 .data          0x00000000        0x0 ECU_Layer/Buzzer/Buzzer.o
 .bss           0x00000000        0x0 ECU_Layer/Buzzer/Buzzer.o
 .text          0x00000000        0x0 ECU_Layer/Keypad/Keypad.o
 .data          0x00000000        0x0 ECU_Layer/Keypad/Keypad.o
 .bss           0x00000000        0x0 ECU_Layer/Keypad/Keypad.o
 .text          0x00000000        0x0 ECU_Layer/RGB_Mdule/RGB.o
 .data          0x00000000        0x0 ECU_Layer/RGB_Mdule/RGB.o
 .bss           0x00000000        0x0 ECU_Layer/RGB_Mdule/RGB.o
 .text.RGB_LED_OFF
                0x00000000       0x20 ECU_Layer/RGB_Mdule/RGB.o
 .text          0x00000000        0x0 main.o
 .data          0x00000000        0x0 main.o
 .bss           0x00000000        0x0 main.o
 .text.ShortToString
                0x00000000      0x16a main.o
 .progmem.gcc_sw_table.ShortToString
                0x00000000       0x14 main.o
 .text.PrintStatus
                0x00000000       0x56 main.o
 .bss.count     0x00000000        0x4 main.o
 .data.Buzzer_Flag
                0x00000000        0x1 main.o
 .bss.str_status
                0x00000000        0x6 main.o
 .avr.prop      0x00000000       0x16 main.o
 .text          0x00000000        0x0 MCAL_Layer/ADC/ADC.o
 .data          0x00000000        0x0 MCAL_Layer/ADC/ADC.o
 .bss           0x00000000        0x0 MCAL_Layer/ADC/ADC.o
 .text.ADC_DEInitialize
                0x00000000       0x12 MCAL_Layer/ADC/ADC.o
 .text          0x00000000        0x0 MCAL_Layer/GPIO.o
 .data          0x00000000        0x0 MCAL_Layer/GPIO.o
 .bss           0x00000000        0x0 MCAL_Layer/GPIO.o
 .text.GPIO_PIN_Toggle_logic
                0x00000000       0x40 MCAL_Layer/GPIO.o
 .text.GPIO_PIN_Toggle_Direction
                0x00000000       0x40 MCAL_Layer/GPIO.o
 .text.GPIO_PIN_Get_Direction
                0x00000000       0x4a MCAL_Layer/GPIO.o
 .text.GPIO_PORT_Write_logic
                0x00000000       0x24 MCAL_Layer/GPIO.o
 .text.GPIO_PORT_Toggle_logic
                0x00000000       0x28 MCAL_Layer/GPIO.o
 .text.GPIO_PORT_Read_Logic
                0x00000000       0x32 MCAL_Layer/GPIO.o
 .text.GPIO_PORT_Give_Direction
                0x00000000       0x24 MCAL_Layer/GPIO.o
 .text.GPIO_PORT_Initialize
                0x00000000       0x1e MCAL_Layer/GPIO.o
 .text.GPIO_PORT_Toggle_Direction
                0x00000000       0x28 MCAL_Layer/GPIO.o
 .text.GPIO_PORT_Get_Direction
                0x00000000       0x32 MCAL_Layer/GPIO.o
 .text          0x00000000        0x0 MCAL_Layer/Interrupt/Internal_Interrupt.o
 .data          0x00000000        0x0 MCAL_Layer/Interrupt/Internal_Interrupt.o
 .bss           0x00000000        0x0 MCAL_Layer/Interrupt/Internal_Interrupt.o
 .debug_info    0x00000000       0x5d MCAL_Layer/Interrupt/Internal_Interrupt.o
 .debug_abbrev  0x00000000       0x26 MCAL_Layer/Interrupt/Internal_Interrupt.o
 .debug_aranges
                0x00000000       0x18 MCAL_Layer/Interrupt/Internal_Interrupt.o
 .debug_line    0x00000000       0x1a MCAL_Layer/Interrupt/Internal_Interrupt.o
 .debug_str     0x00000000      0x1b5 MCAL_Layer/Interrupt/Internal_Interrupt.o
 .comment       0x00000000       0x31 MCAL_Layer/Interrupt/Internal_Interrupt.o
 .text          0x00000000        0x0 MCAL_Layer/Interrupt/External_Interrupt.o
 .data          0x00000000        0x0 MCAL_Layer/Interrupt/External_Interrupt.o
 .bss           0x00000000        0x0 MCAL_Layer/Interrupt/External_Interrupt.o
 .text.INT0_DEInit
                0x00000000        0x8 MCAL_Layer/Interrupt/External_Interrupt.o
 .text.INT1_DEInit
                0x00000000        0x8 MCAL_Layer/Interrupt/External_Interrupt.o
 .text.INTx_DeInitialize
                0x00000000       0x24 MCAL_Layer/Interrupt/External_Interrupt.o
 .text          0x00000000        0x0 MCAL_Layer/PWM_Timer1/PWM_Timer1.o
 .data          0x00000000        0x0 MCAL_Layer/PWM_Timer1/PWM_Timer1.o
 .bss           0x00000000        0x0 MCAL_Layer/PWM_Timer1/PWM_Timer1.o
 .text          0x00000000        0x0 MCAL_Layer/PWM_Timer2/PWM_Timer2.o
 .data          0x00000000        0x0 MCAL_Layer/PWM_Timer2/PWM_Timer2.o
 .bss           0x00000000        0x0 MCAL_Layer/PWM_Timer2/PWM_Timer2.o
 .text          0x00000000        0x0 MCAL_Layer/USART/USART.o
 .data          0x00000000        0x0 MCAL_Layer/USART/USART.o
 .bss           0x00000000        0x0 MCAL_Layer/USART/USART.o
 .text.USART_Receive
                0x00000000        0x8 MCAL_Layer/USART/USART.o
 .text          0x00000000        0x0 c:/program files (x86)/atmel/studio/7.0/toolchain/avr8/avr8-gnu-toolchain/bin/../lib/gcc/avr/5.4.0/../../../../avr/lib/avr4\libm.a(addsf3.o)
 .data          0x00000000        0x0 c:/program files (x86)/atmel/studio/7.0/toolchain/avr8/avr8-gnu-toolchain/bin/../lib/gcc/avr/5.4.0/../../../../avr/lib/avr4\libm.a(addsf3.o)
 .bss           0x00000000        0x0 c:/program files (x86)/atmel/studio/7.0/toolchain/avr8/avr8-gnu-toolchain/bin/../lib/gcc/avr/5.4.0/../../../../avr/lib/avr4\libm.a(addsf3.o)
 .text          0x00000000        0x0 c:/program files (x86)/atmel/studio/7.0/toolchain/avr8/avr8-gnu-toolchain/bin/../lib/gcc/avr/5.4.0/../../../../avr/lib/avr4\libm.a(addsf3x.o)
 .data          0x00000000        0x0 c:/program files (x86)/atmel/studio/7.0/toolchain/avr8/avr8-gnu-toolchain/bin/../lib/gcc/avr/5.4.0/../../../../avr/lib/avr4\libm.a(addsf3x.o)
 .bss           0x00000000        0x0 c:/program files (x86)/atmel/studio/7.0/toolchain/avr8/avr8-gnu-toolchain/bin/../lib/gcc/avr/5.4.0/../../../../avr/lib/avr4\libm.a(addsf3x.o)
 .text          0x00000000        0x0 c:/program files (x86)/atmel/studio/7.0/toolchain/avr8/avr8-gnu-toolchain/bin/../lib/gcc/avr/5.4.0/../../../../avr/lib/avr4\libm.a(divsf3.o)
 .data          0x00000000        0x0 c:/program files (x86)/atmel/studio/7.0/toolchain/avr8/avr8-gnu-toolchain/bin/../lib/gcc/avr/5.4.0/../../../../avr/lib/avr4\libm.a(divsf3.o)
 .bss           0x00000000        0x0 c:/program files (x86)/atmel/studio/7.0/toolchain/avr8/avr8-gnu-toolchain/bin/../lib/gcc/avr/5.4.0/../../../../avr/lib/avr4\libm.a(divsf3.o)
 .text          0x00000000        0x0 c:/program files (x86)/atmel/studio/7.0/toolchain/avr8/avr8-gnu-toolchain/bin/../lib/gcc/avr/5.4.0/../../../../avr/lib/avr4\libm.a(divsf3x.o)
 .data          0x00000000        0x0 c:/program files (x86)/atmel/studio/7.0/toolchain/avr8/avr8-gnu-toolchain/bin/../lib/gcc/avr/5.4.0/../../../../avr/lib/avr4\libm.a(divsf3x.o)
 .bss           0x00000000        0x0 c:/program files (x86)/atmel/studio/7.0/toolchain/avr8/avr8-gnu-toolchain/bin/../lib/gcc/avr/5.4.0/../../../../avr/lib/avr4\libm.a(divsf3x.o)
 .text          0x00000000        0x0 c:/program files (x86)/atmel/studio/7.0/toolchain/avr8/avr8-gnu-toolchain/bin/../lib/gcc/avr/5.4.0/../../../../avr/lib/avr4\libm.a(fixunssfsi.o)
 .data          0x00000000        0x0 c:/program files (x86)/atmel/studio/7.0/toolchain/avr8/avr8-gnu-toolchain/bin/../lib/gcc/avr/5.4.0/../../../../avr/lib/avr4\libm.a(fixunssfsi.o)
 .bss           0x00000000        0x0 c:/program files (x86)/atmel/studio/7.0/toolchain/avr8/avr8-gnu-toolchain/bin/../lib/gcc/avr/5.4.0/../../../../avr/lib/avr4\libm.a(fixunssfsi.o)
 .text          0x00000000        0x0 c:/program files (x86)/atmel/studio/7.0/toolchain/avr8/avr8-gnu-toolchain/bin/../lib/gcc/avr/5.4.0/../../../../avr/lib/avr4\libm.a(floatsisf.o)
 .data          0x00000000        0x0 c:/program files (x86)/atmel/studio/7.0/toolchain/avr8/avr8-gnu-toolchain/bin/../lib/gcc/avr/5.4.0/../../../../avr/lib/avr4\libm.a(floatsisf.o)
 .bss           0x00000000        0x0 c:/program files (x86)/atmel/studio/7.0/toolchain/avr8/avr8-gnu-toolchain/bin/../lib/gcc/avr/5.4.0/../../../../avr/lib/avr4\libm.a(floatsisf.o)
 .text          0x00000000        0x0 c:/program files (x86)/atmel/studio/7.0/toolchain/avr8/avr8-gnu-toolchain/bin/../lib/gcc/avr/5.4.0/../../../../avr/lib/avr4\libm.a(fp_inf.o)
 .data          0x00000000        0x0 c:/program files (x86)/atmel/studio/7.0/toolchain/avr8/avr8-gnu-toolchain/bin/../lib/gcc/avr/5.4.0/../../../../avr/lib/avr4\libm.a(fp_inf.o)
 .bss           0x00000000        0x0 c:/program files (x86)/atmel/studio/7.0/toolchain/avr8/avr8-gnu-toolchain/bin/../lib/gcc/avr/5.4.0/../../../../avr/lib/avr4\libm.a(fp_inf.o)
 .text          0x00000000        0x0 c:/program files (x86)/atmel/studio/7.0/toolchain/avr8/avr8-gnu-toolchain/bin/../lib/gcc/avr/5.4.0/../../../../avr/lib/avr4\libm.a(fp_nan.o)
 .data          0x00000000        0x0 c:/program files (x86)/atmel/studio/7.0/toolchain/avr8/avr8-gnu-toolchain/bin/../lib/gcc/avr/5.4.0/../../../../avr/lib/avr4\libm.a(fp_nan.o)
 .bss           0x00000000        0x0 c:/program files (x86)/atmel/studio/7.0/toolchain/avr8/avr8-gnu-toolchain/bin/../lib/gcc/avr/5.4.0/../../../../avr/lib/avr4\libm.a(fp_nan.o)
 .text          0x00000000        0x0 c:/program files (x86)/atmel/studio/7.0/toolchain/avr8/avr8-gnu-toolchain/bin/../lib/gcc/avr/5.4.0/../../../../avr/lib/avr4\libm.a(fp_pscA.o)
 .data          0x00000000        0x0 c:/program files (x86)/atmel/studio/7.0/toolchain/avr8/avr8-gnu-toolchain/bin/../lib/gcc/avr/5.4.0/../../../../avr/lib/avr4\libm.a(fp_pscA.o)
 .bss           0x00000000        0x0 c:/program files (x86)/atmel/studio/7.0/toolchain/avr8/avr8-gnu-toolchain/bin/../lib/gcc/avr/5.4.0/../../../../avr/lib/avr4\libm.a(fp_pscA.o)
 .text          0x00000000        0x0 c:/program files (x86)/atmel/studio/7.0/toolchain/avr8/avr8-gnu-toolchain/bin/../lib/gcc/avr/5.4.0/../../../../avr/lib/avr4\libm.a(fp_pscB.o)
 .data          0x00000000        0x0 c:/program files (x86)/atmel/studio/7.0/toolchain/avr8/avr8-gnu-toolchain/bin/../lib/gcc/avr/5.4.0/../../../../avr/lib/avr4\libm.a(fp_pscB.o)
 .bss           0x00000000        0x0 c:/program files (x86)/atmel/studio/7.0/toolchain/avr8/avr8-gnu-toolchain/bin/../lib/gcc/avr/5.4.0/../../../../avr/lib/avr4\libm.a(fp_pscB.o)
 .text          0x00000000        0x0 c:/program files (x86)/atmel/studio/7.0/toolchain/avr8/avr8-gnu-toolchain/bin/../lib/gcc/avr/5.4.0/../../../../avr/lib/avr4\libm.a(fp_round.o)
 .data          0x00000000        0x0 c:/program files (x86)/atmel/studio/7.0/toolchain/avr8/avr8-gnu-toolchain/bin/../lib/gcc/avr/5.4.0/../../../../avr/lib/avr4\libm.a(fp_round.o)
 .bss           0x00000000        0x0 c:/program files (x86)/atmel/studio/7.0/toolchain/avr8/avr8-gnu-toolchain/bin/../lib/gcc/avr/5.4.0/../../../../avr/lib/avr4\libm.a(fp_round.o)
 .text          0x00000000        0x0 c:/program files (x86)/atmel/studio/7.0/toolchain/avr8/avr8-gnu-toolchain/bin/../lib/gcc/avr/5.4.0/../../../../avr/lib/avr4\libm.a(fp_split3.o)
 .data          0x00000000        0x0 c:/program files (x86)/atmel/studio/7.0/toolchain/avr8/avr8-gnu-toolchain/bin/../lib/gcc/avr/5.4.0/../../../../avr/lib/avr4\libm.a(fp_split3.o)
 .bss           0x00000000        0x0 c:/program files (x86)/atmel/studio/7.0/toolchain/avr8/avr8-gnu-toolchain/bin/../lib/gcc/avr/5.4.0/../../../../avr/lib/avr4\libm.a(fp_split3.o)
 .text          0x00000000        0x0 c:/program files (x86)/atmel/studio/7.0/toolchain/avr8/avr8-gnu-toolchain/bin/../lib/gcc/avr/5.4.0/../../../../avr/lib/avr4\libm.a(fp_zero.o)
 .data          0x00000000        0x0 c:/program files (x86)/atmel/studio/7.0/toolchain/avr8/avr8-gnu-toolchain/bin/../lib/gcc/avr/5.4.0/../../../../avr/lib/avr4\libm.a(fp_zero.o)
 .bss           0x00000000        0x0 c:/program files (x86)/atmel/studio/7.0/toolchain/avr8/avr8-gnu-toolchain/bin/../lib/gcc/avr/5.4.0/../../../../avr/lib/avr4\libm.a(fp_zero.o)
 .text          0x00000000        0x0 c:/program files (x86)/atmel/studio/7.0/toolchain/avr8/avr8-gnu-toolchain/bin/../lib/gcc/avr/5.4.0/../../../../avr/lib/avr4\libm.a(mulsf3.o)
 .data          0x00000000        0x0 c:/program files (x86)/atmel/studio/7.0/toolchain/avr8/avr8-gnu-toolchain/bin/../lib/gcc/avr/5.4.0/../../../../avr/lib/avr4\libm.a(mulsf3.o)
 .bss           0x00000000        0x0 c:/program files (x86)/atmel/studio/7.0/toolchain/avr8/avr8-gnu-toolchain/bin/../lib/gcc/avr/5.4.0/../../../../avr/lib/avr4\libm.a(mulsf3.o)
 .text          0x00000000        0x0 c:/program files (x86)/atmel/studio/7.0/toolchain/avr8/avr8-gnu-toolchain/bin/../lib/gcc/avr/5.4.0/../../../../avr/lib/avr4\libm.a(mulsf3x.o)
 .data          0x00000000        0x0 c:/program files (x86)/atmel/studio/7.0/toolchain/avr8/avr8-gnu-toolchain/bin/../lib/gcc/avr/5.4.0/../../../../avr/lib/avr4\libm.a(mulsf3x.o)
 .bss           0x00000000        0x0 c:/program files (x86)/atmel/studio/7.0/toolchain/avr8/avr8-gnu-toolchain/bin/../lib/gcc/avr/5.4.0/../../../../avr/lib/avr4\libm.a(mulsf3x.o)
 .text          0x00000000        0x0 c:/program files (x86)/atmel/studio/7.0/toolchain/avr8/avr8-gnu-toolchain/bin/../lib/gcc/avr/5.4.0/../../../../avr/lib/avr4\libm.a(round.o)
 .data          0x00000000        0x0 c:/program files (x86)/atmel/studio/7.0/toolchain/avr8/avr8-gnu-toolchain/bin/../lib/gcc/avr/5.4.0/../../../../avr/lib/avr4\libm.a(round.o)
 .bss           0x00000000        0x0 c:/program files (x86)/atmel/studio/7.0/toolchain/avr8/avr8-gnu-toolchain/bin/../lib/gcc/avr/5.4.0/../../../../avr/lib/avr4\libm.a(round.o)
 .text          0x00000000        0x0 c:/program files (x86)/atmel/studio/7.0/toolchain/avr8/avr8-gnu-toolchain/bin/../lib/gcc/avr/5.4.0/../../../../avr/lib/avr4\libm.a(fp_mintl.o)
 .data          0x00000000        0x0 c:/program files (x86)/atmel/studio/7.0/toolchain/avr8/avr8-gnu-toolchain/bin/../lib/gcc/avr/5.4.0/../../../../avr/lib/avr4\libm.a(fp_mintl.o)
 .bss           0x00000000        0x0 c:/program files (x86)/atmel/studio/7.0/toolchain/avr8/avr8-gnu-toolchain/bin/../lib/gcc/avr/5.4.0/../../../../avr/lib/avr4\libm.a(fp_mintl.o)
 .text          0x00000000        0x0 c:/program files (x86)/atmel/studio/7.0/toolchain/avr8/avr8-gnu-toolchain/bin/../lib/gcc/avr/5.4.0/../../../../avr/lib/avr4\libm.a(fp_mpack.o)
 .data          0x00000000        0x0 c:/program files (x86)/atmel/studio/7.0/toolchain/avr8/avr8-gnu-toolchain/bin/../lib/gcc/avr/5.4.0/../../../../avr/lib/avr4\libm.a(fp_mpack.o)
 .bss           0x00000000        0x0 c:/program files (x86)/atmel/studio/7.0/toolchain/avr8/avr8-gnu-toolchain/bin/../lib/gcc/avr/5.4.0/../../../../avr/lib/avr4\libm.a(fp_mpack.o)
 .text          0x00000000        0x0 c:/program files (x86)/atmel/studio/7.0/toolchain/avr8/avr8-gnu-toolchain/bin/../lib/gcc/avr/5.4.0/avr4\libgcc.a(_divmodhi4.o)
 .data          0x00000000        0x0 c:/program files (x86)/atmel/studio/7.0/toolchain/avr8/avr8-gnu-toolchain/bin/../lib/gcc/avr/5.4.0/avr4\libgcc.a(_divmodhi4.o)
 .bss           0x00000000        0x0 c:/program files (x86)/atmel/studio/7.0/toolchain/avr8/avr8-gnu-toolchain/bin/../lib/gcc/avr/5.4.0/avr4\libgcc.a(_divmodhi4.o)
 .text.libgcc.mul
                0x00000000        0x0 c:/program files (x86)/atmel/studio/7.0/toolchain/avr8/avr8-gnu-toolchain/bin/../lib/gcc/avr/5.4.0/avr4\libgcc.a(_divmodhi4.o)
 .text.libgcc   0x00000000        0x0 c:/program files (x86)/atmel/studio/7.0/toolchain/avr8/avr8-gnu-toolchain/bin/../lib/gcc/avr/5.4.0/avr4\libgcc.a(_divmodhi4.o)
 .text.libgcc.prologue
                0x00000000        0x0 c:/program files (x86)/atmel/studio/7.0/toolchain/avr8/avr8-gnu-toolchain/bin/../lib/gcc/avr/5.4.0/avr4\libgcc.a(_divmodhi4.o)
 .text.libgcc.builtins
                0x00000000        0x0 c:/program files (x86)/atmel/studio/7.0/toolchain/avr8/avr8-gnu-toolchain/bin/../lib/gcc/avr/5.4.0/avr4\libgcc.a(_divmodhi4.o)
 .text.libgcc.fmul
                0x00000000        0x0 c:/program files (x86)/atmel/studio/7.0/toolchain/avr8/avr8-gnu-toolchain/bin/../lib/gcc/avr/5.4.0/avr4\libgcc.a(_divmodhi4.o)
 .text.libgcc.fixed
                0x00000000        0x0 c:/program files (x86)/atmel/studio/7.0/toolchain/avr8/avr8-gnu-toolchain/bin/../lib/gcc/avr/5.4.0/avr4\libgcc.a(_divmodhi4.o)
 .text          0x00000000        0x0 c:/program files (x86)/atmel/studio/7.0/toolchain/avr8/avr8-gnu-toolchain/bin/../lib/gcc/avr/5.4.0/avr4\libgcc.a(_exit.o)
 .data          0x00000000        0x0 c:/program files (x86)/atmel/studio/7.0/toolchain/avr8/avr8-gnu-toolchain/bin/../lib/gcc/avr/5.4.0/avr4\libgcc.a(_exit.o)
 .bss           0x00000000        0x0 c:/program files (x86)/atmel/studio/7.0/toolchain/avr8/avr8-gnu-toolchain/bin/../lib/gcc/avr/5.4.0/avr4\libgcc.a(_exit.o)
 .text.libgcc.mul
                0x00000000        0x0 c:/program files (x86)/atmel/studio/7.0/toolchain/avr8/avr8-gnu-toolchain/bin/../lib/gcc/avr/5.4.0/avr4\libgcc.a(_exit.o)
 .text.libgcc.div
                0x00000000        0x0 c:/program files (x86)/atmel/studio/7.0/toolchain/avr8/avr8-gnu-toolchain/bin/../lib/gcc/avr/5.4.0/avr4\libgcc.a(_exit.o)
 .text.libgcc   0x00000000        0x0 c:/program files (x86)/atmel/studio/7.0/toolchain/avr8/avr8-gnu-toolchain/bin/../lib/gcc/avr/5.4.0/avr4\libgcc.a(_exit.o)
 .text.libgcc.prologue
                0x00000000        0x0 c:/program files (x86)/atmel/studio/7.0/toolchain/avr8/avr8-gnu-toolchain/bin/../lib/gcc/avr/5.4.0/avr4\libgcc.a(_exit.o)
 .text.libgcc.builtins
                0x00000000        0x0 c:/program files (x86)/atmel/studio/7.0/toolchain/avr8/avr8-gnu-toolchain/bin/../lib/gcc/avr/5.4.0/avr4\libgcc.a(_exit.o)
 .text.libgcc.fmul
                0x00000000        0x0 c:/program files (x86)/atmel/studio/7.0/toolchain/avr8/avr8-gnu-toolchain/bin/../lib/gcc/avr/5.4.0/avr4\libgcc.a(_exit.o)
 .text.libgcc.fixed
                0x00000000        0x0 c:/program files (x86)/atmel/studio/7.0/toolchain/avr8/avr8-gnu-toolchain/bin/../lib/gcc/avr/5.4.0/avr4\libgcc.a(_exit.o)
 .text          0x00000000        0x0 c:/program files (x86)/atmel/studio/7.0/toolchain/avr8/avr8-gnu-toolchain/bin/../lib/gcc/avr/5.4.0/avr4\libgcc.a(_copy_data.o)
 .data          0x00000000        0x0 c:/program files (x86)/atmel/studio/7.0/toolchain/avr8/avr8-gnu-toolchain/bin/../lib/gcc/avr/5.4.0/avr4\libgcc.a(_copy_data.o)
 .bss           0x00000000        0x0 c:/program files (x86)/atmel/studio/7.0/toolchain/avr8/avr8-gnu-toolchain/bin/../lib/gcc/avr/5.4.0/avr4\libgcc.a(_copy_data.o)
 .text.libgcc.mul
                0x00000000        0x0 c:/program files (x86)/atmel/studio/7.0/toolchain/avr8/avr8-gnu-toolchain/bin/../lib/gcc/avr/5.4.0/avr4\libgcc.a(_copy_data.o)
 .text.libgcc.div
                0x00000000        0x0 c:/program files (x86)/atmel/studio/7.0/toolchain/avr8/avr8-gnu-toolchain/bin/../lib/gcc/avr/5.4.0/avr4\libgcc.a(_copy_data.o)
 .text.libgcc   0x00000000        0x0 c:/program files (x86)/atmel/studio/7.0/toolchain/avr8/avr8-gnu-toolchain/bin/../lib/gcc/avr/5.4.0/avr4\libgcc.a(_copy_data.o)
 .text.libgcc.prologue
                0x00000000        0x0 c:/program files (x86)/atmel/studio/7.0/toolchain/avr8/avr8-gnu-toolchain/bin/../lib/gcc/avr/5.4.0/avr4\libgcc.a(_copy_data.o)
 .text.libgcc.builtins
                0x00000000        0x0 c:/program files (x86)/atmel/studio/7.0/toolchain/avr8/avr8-gnu-toolchain/bin/../lib/gcc/avr/5.4.0/avr4\libgcc.a(_copy_data.o)
 .text.libgcc.fmul
                0x00000000        0x0 c:/program files (x86)/atmel/studio/7.0/toolchain/avr8/avr8-gnu-toolchain/bin/../lib/gcc/avr/5.4.0/avr4\libgcc.a(_copy_data.o)
 .text.libgcc.fixed
                0x00000000        0x0 c:/program files (x86)/atmel/studio/7.0/toolchain/avr8/avr8-gnu-toolchain/bin/../lib/gcc/avr/5.4.0/avr4\libgcc.a(_copy_data.o)
 .text          0x00000000        0x0 c:/program files (x86)/atmel/studio/7.0/toolchain/avr8/avr8-gnu-toolchain/bin/../lib/gcc/avr/5.4.0/avr4\libgcc.a(_clear_bss.o)
 .data          0x00000000        0x0 c:/program files (x86)/atmel/studio/7.0/toolchain/avr8/avr8-gnu-toolchain/bin/../lib/gcc/avr/5.4.0/avr4\libgcc.a(_clear_bss.o)
 .bss           0x00000000        0x0 c:/program files (x86)/atmel/studio/7.0/toolchain/avr8/avr8-gnu-toolchain/bin/../lib/gcc/avr/5.4.0/avr4\libgcc.a(_clear_bss.o)
 .text.libgcc.mul
                0x00000000        0x0 c:/program files (x86)/atmel/studio/7.0/toolchain/avr8/avr8-gnu-toolchain/bin/../lib/gcc/avr/5.4.0/avr4\libgcc.a(_clear_bss.o)
 .text.libgcc.div
                0x00000000        0x0 c:/program files (x86)/atmel/studio/7.0/toolchain/avr8/avr8-gnu-toolchain/bin/../lib/gcc/avr/5.4.0/avr4\libgcc.a(_clear_bss.o)
 .text.libgcc   0x00000000        0x0 c:/program files (x86)/atmel/studio/7.0/toolchain/avr8/avr8-gnu-toolchain/bin/../lib/gcc/avr/5.4.0/avr4\libgcc.a(_clear_bss.o)
 .text.libgcc.prologue
                0x00000000        0x0 c:/program files (x86)/atmel/studio/7.0/toolchain/avr8/avr8-gnu-toolchain/bin/../lib/gcc/avr/5.4.0/avr4\libgcc.a(_clear_bss.o)
 .text.libgcc.builtins
                0x00000000        0x0 c:/program files (x86)/atmel/studio/7.0/toolchain/avr8/avr8-gnu-toolchain/bin/../lib/gcc/avr/5.4.0/avr4\libgcc.a(_clear_bss.o)
 .text.libgcc.fmul
                0x00000000        0x0 c:/program files (x86)/atmel/studio/7.0/toolchain/avr8/avr8-gnu-toolchain/bin/../lib/gcc/avr/5.4.0/avr4\libgcc.a(_clear_bss.o)
 .text.libgcc.fixed
                0x00000000        0x0 c:/program files (x86)/atmel/studio/7.0/toolchain/avr8/avr8-gnu-toolchain/bin/../lib/gcc/avr/5.4.0/avr4\libgcc.a(_clear_bss.o)
 .text          0x00000000        0x0 c:/program files (x86)/atmel/studio/7.0/toolchain/avr8/avr8-gnu-toolchain/bin/../lib/gcc/avr/5.4.0/avr4\libgcc.a(_udivmodhi4.o)
 .data          0x00000000        0x0 c:/program files (x86)/atmel/studio/7.0/toolchain/avr8/avr8-gnu-toolchain/bin/../lib/gcc/avr/5.4.0/avr4\libgcc.a(_udivmodhi4.o)
 .bss           0x00000000        0x0 c:/program files (x86)/atmel/studio/7.0/toolchain/avr8/avr8-gnu-toolchain/bin/../lib/gcc/avr/5.4.0/avr4\libgcc.a(_udivmodhi4.o)
 .text.libgcc.mul
                0x00000000        0x0 c:/program files (x86)/atmel/studio/7.0/toolchain/avr8/avr8-gnu-toolchain/bin/../lib/gcc/avr/5.4.0/avr4\libgcc.a(_udivmodhi4.o)
 .text.libgcc   0x00000000        0x0 c:/program files (x86)/atmel/studio/7.0/toolchain/avr8/avr8-gnu-toolchain/bin/../lib/gcc/avr/5.4.0/avr4\libgcc.a(_udivmodhi4.o)
 .text.libgcc.prologue
                0x00000000        0x0 c:/program files (x86)/atmel/studio/7.0/toolchain/avr8/avr8-gnu-toolchain/bin/../lib/gcc/avr/5.4.0/avr4\libgcc.a(_udivmodhi4.o)
 .text.libgcc.builtins
                0x00000000        0x0 c:/program files (x86)/atmel/studio/7.0/toolchain/avr8/avr8-gnu-toolchain/bin/../lib/gcc/avr/5.4.0/avr4\libgcc.a(_udivmodhi4.o)
 .text.libgcc.fmul
                0x00000000        0x0 c:/program files (x86)/atmel/studio/7.0/toolchain/avr8/avr8-gnu-toolchain/bin/../lib/gcc/avr/5.4.0/avr4\libgcc.a(_udivmodhi4.o)
 .text.libgcc.fixed
                0x00000000        0x0 c:/program files (x86)/atmel/studio/7.0/toolchain/avr8/avr8-gnu-toolchain/bin/../lib/gcc/avr/5.4.0/avr4\libgcc.a(_udivmodhi4.o)
 .text          0x00000000        0x0 c:/program files (x86)/atmel/studio/7.0/toolchain/avr8/avr8-gnu-toolchain/bin/../lib/gcc/avr/5.4.0/../../../../avr/lib/avr4\libc.a(strcmp.o)
 .data          0x00000000        0x0 c:/program files (x86)/atmel/studio/7.0/toolchain/avr8/avr8-gnu-toolchain/bin/../lib/gcc/avr/5.4.0/../../../../avr/lib/avr4\libc.a(strcmp.o)
 .bss           0x00000000        0x0 c:/program files (x86)/atmel/studio/7.0/toolchain/avr8/avr8-gnu-toolchain/bin/../lib/gcc/avr/5.4.0/../../../../avr/lib/avr4\libc.a(strcmp.o)

Memory Configuration

Name             Origin             Length             Attributes
text             0x00000000         0x00002000         xr
data             0x00800060         0x00000400         rw !x
eeprom           0x00810000         0x00000200         rw !x
fuse             0x00820000         0x00000002         rw !x
lock             0x00830000         0x00000400         rw !x
signature        0x00840000         0x00000400         rw !x
user_signatures  0x00850000         0x00000400         rw !x
*default*        0x00000000         0xffffffff

Linker script and memory map

LOAD C:/Program Files (x86)/Atmel/Studio/7.0/Packs/atmel/ATmega_DFP/1.7.374/gcc/dev/atmega8/avr4/crtatmega8.o
LOAD ECU_Layer/Buzzer/Buzzer.o
LOAD ECU_Layer/Keypad/Keypad.o
LOAD ECU_Layer/RGB_Mdule/RGB.o
LOAD main.o
LOAD MCAL_Layer/ADC/ADC.o
LOAD MCAL_Layer/GPIO.o
LOAD MCAL_Layer/Interrupt/Internal_Interrupt.o
LOAD MCAL_Layer/Interrupt/External_Interrupt.o
LOAD MCAL_Layer/PWM_Timer1/PWM_Timer1.o
LOAD MCAL_Layer/PWM_Timer2/PWM_Timer2.o
LOAD MCAL_Layer/USART/USART.o
START GROUP
LOAD c:/program files (x86)/atmel/studio/7.0/toolchain/avr8/avr8-gnu-toolchain/bin/../lib/gcc/avr/5.4.0/../../../../avr/lib/avr4\libm.a
END GROUP
START GROUP
LOAD c:/program files (x86)/atmel/studio/7.0/toolchain/avr8/avr8-gnu-toolchain/bin/../lib/gcc/avr/5.4.0/avr4\libgcc.a
LOAD c:/program files (x86)/atmel/studio/7.0/toolchain/avr8/avr8-gnu-toolchain/bin/../lib/gcc/avr/5.4.0/../../../../avr/lib/avr4\libm.a
LOAD c:/program files (x86)/atmel/studio/7.0/toolchain/avr8/avr8-gnu-toolchain/bin/../lib/gcc/avr/5.4.0/../../../../avr/lib/avr4\libc.a
LOAD C:/Program Files (x86)/Atmel/Studio/7.0/Packs/atmel/ATmega_DFP/1.7.374/gcc/dev/atmega8/avr4\libatmega8.a
END GROUP
                0x00000000                __TEXT_REGION_ORIGIN__ = DEFINED (__TEXT_REGION_ORIGIN__)?__TEXT_REGION_ORIGIN__:0x0
                [0x00800060]                __DATA_REGION_ORIGIN__ = DEFINED (__DATA_REGION_ORIGIN__)?__DATA_REGION_ORIGIN__:0x800060
                [0x00002000]                __TEXT_REGION_LENGTH__ = DEFINED (__TEXT_REGION_LENGTH__)?__TEXT_REGION_LENGTH__:0x2000
                [0x00000400]                __DATA_REGION_LENGTH__ = DEFINED (__DATA_REGION_LENGTH__)?__DATA_REGION_LENGTH__:0xffa0
                [0x00000200]                __EEPROM_REGION_LENGTH__ = DEFINED (__EEPROM_REGION_LENGTH__)?__EEPROM_REGION_LENGTH__:0x10000
                [0x00000002]                __FUSE_REGION_LENGTH__ = DEFINED (__FUSE_REGION_LENGTH__)?__FUSE_REGION_LENGTH__:0x400
                0x00000400                __LOCK_REGION_LENGTH__ = DEFINED (__LOCK_REGION_LENGTH__)?__LOCK_REGION_LENGTH__:0x400
                0x00000400                __SIGNATURE_REGION_LENGTH__ = DEFINED (__SIGNATURE_REGION_LENGTH__)?__SIGNATURE_REGION_LENGTH__:0x400
                0x00000400                __USER_SIGNATURE_REGION_LENGTH__ = DEFINED (__USER_SIGNATURE_REGION_LENGTH__)?__USER_SIGNATURE_REGION_LENGTH__:0x400

.hash
 *(.hash)

.dynsym
 *(.dynsym)

.dynstr
 *(.dynstr)

.gnu.version
 *(.gnu.version)

.gnu.version_d
 *(.gnu.version_d)

.gnu.version_r
 *(.gnu.version_r)

.rel.init
 *(.rel.init)

.rela.init
 *(.rela.init)

.rel.text
 *(.rel.text)
 *(.rel.text.*)
 *(.rel.gnu.linkonce.t*)

.rela.text
 *(.rela.text)
 *(.rela.text.*)
 *(.rela.gnu.linkonce.t*)

.rel.fini
 *(.rel.fini)

.rela.fini
 *(.rela.fini)

.rel.rodata
 *(.rel.rodata)
 *(.rel.rodata.*)
 *(.rel.gnu.linkonce.r*)

.rela.rodata
 *(.rela.rodata)
 *(.rela.rodata.*)
 *(.rela.gnu.linkonce.r*)

.rel.data
 *(.rel.data)
 *(.rel.data.*)
 *(.rel.gnu.linkonce.d*)

.rela.data
 *(.rela.data)
 *(.rela.data.*)
 *(.rela.gnu.linkonce.d*)

.rel.ctors
 *(.rel.ctors)

.rela.ctors
 *(.rela.ctors)

.rel.dtors
 *(.rel.dtors)

.rela.dtors
 *(.rela.dtors)

.rel.got
 *(.rel.got)

.rela.got
 *(.rela.got)

.rel.bss
 *(.rel.bss)

.rela.bss
 *(.rela.bss)

.rel.plt
 *(.rel.plt)

.rela.plt
 *(.rela.plt)

.text           0x00000000      0xec8
 *(.vectors)
 .vectors       0x00000000       0x26 C:/Program Files (x86)/Atmel/Studio/7.0/Packs/atmel/ATmega_DFP/1.7.374/gcc/dev/atmega8/avr4/crtatmega8.o
                0x00000000                __vector_default
                0x00000000                __vectors
 *(.vectors)
 *(.progmem.gcc*)
                0x00000026                . = ALIGN (0x2)
                0x00000026                __trampolines_start = .
 *(.trampolines)
 .trampolines   0x00000026        0x0 linker stubs
 *(.trampolines*)
                0x00000026                __trampolines_end = .
 *libprintf_flt.a:*(.progmem.data)
 *libc.a:*(.progmem.data)
 *(.progmem*)
                0x00000026                . = ALIGN (0x2)
 *(.jumptables)
 *(.jumptables*)
 *(.lowtext)
 *(.lowtext*)
                0x00000026                __ctors_start = .
 *(.ctors)
                0x00000026                __ctors_end = .
                0x00000026                __dtors_start = .
 *(.dtors)
                0x00000026                __dtors_end = .
 SORT(*)(.ctors)
 SORT(*)(.dtors)
 *(.init0)
 .init0         0x00000026        0x0 C:/Program Files (x86)/Atmel/Studio/7.0/Packs/atmel/ATmega_DFP/1.7.374/gcc/dev/atmega8/avr4/crtatmega8.o
                0x00000026                __init
 *(.init0)
 *(.init1)
 *(.init1)
 *(.init2)
 .init2         0x00000026        0xc C:/Program Files (x86)/Atmel/Studio/7.0/Packs/atmel/ATmega_DFP/1.7.374/gcc/dev/atmega8/avr4/crtatmega8.o
 *(.init2)
 *(.init3)
 *(.init3)
 *(.init4)
 .init4         0x00000032       0x16 c:/program files (x86)/atmel/studio/7.0/toolchain/avr8/avr8-gnu-toolchain/bin/../lib/gcc/avr/5.4.0/avr4\libgcc.a(_copy_data.o)
                0x00000032                __do_copy_data
 .init4         0x00000048       0x10 c:/program files (x86)/atmel/studio/7.0/toolchain/avr8/avr8-gnu-toolchain/bin/../lib/gcc/avr/5.4.0/avr4\libgcc.a(_clear_bss.o)
                0x00000048                __do_clear_bss
 *(.init4)
 *(.init5)
 *(.init5)
 *(.init6)
 *(.init6)
 *(.init7)
 *(.init7)
 *(.init8)
 *(.init8)
 *(.init9)
 .init9         0x00000058        0x4 C:/Program Files (x86)/Atmel/Studio/7.0/Packs/atmel/ATmega_DFP/1.7.374/gcc/dev/atmega8/avr4/crtatmega8.o
 *(.init9)
 *(.text)
 .text          0x0000005c        0x2 C:/Program Files (x86)/Atmel/Studio/7.0/Packs/atmel/ATmega_DFP/1.7.374/gcc/dev/atmega8/avr4/crtatmega8.o
                0x0000005c                __vector_12
                0x0000005c                __bad_interrupt
                0x0000005c                __vector_6
                0x0000005c                __vector_3
                0x0000005c                __vector_13
                0x0000005c                __vector_17
                0x0000005c                __vector_7
                0x0000005c                __vector_5
                0x0000005c                __vector_4
                0x0000005c                __vector_9
                0x0000005c                __vector_15
                0x0000005c                __vector_8
                0x0000005c                __vector_14
                0x0000005c                __vector_10
                0x0000005c                __vector_16
                0x0000005c                __vector_18
                0x0000005e                . = ALIGN (0x2)
 *(.text.*)
 .text.Buzzer_INIT
                0x0000005e        0xc ECU_Layer/Buzzer/Buzzer.o
                0x0000005e                Buzzer_INIT
 .text.Buzzer_Play
                0x0000006a        0xe ECU_Layer/Buzzer/Buzzer.o
                0x0000006a                Buzzer_Play
 .text.Buzzer_Stop
                0x00000078        0xe ECU_Layer/Buzzer/Buzzer.o
                0x00000078                Buzzer_Stop
 .text.Keypad_Init
                0x00000086       0x6c ECU_Layer/Keypad/Keypad.o
                0x00000086                Keypad_Init
 .text.Keypad_Get_char
                0x000000f2      0x130 ECU_Layer/Keypad/Keypad.o
                0x000000f2                Keypad_Get_char
 .text.Keypad_Get_Check_Password
                0x00000222       0xac ECU_Layer/Keypad/Keypad.o
                0x00000222                Keypad_Get_Check_Password
 .text.RGB_LED_INIT
                0x000002ce       0x1c ECU_Layer/RGB_Mdule/RGB.o
                0x000002ce                RGB_LED_INIT
 .text.RGB_LED_RED
                0x000002ea       0x20 ECU_Layer/RGB_Mdule/RGB.o
                0x000002ea                RGB_LED_RED
 .text.RGB_LED_BLUE
                0x0000030a       0x20 ECU_Layer/RGB_Mdule/RGB.o
                0x0000030a                RGB_LED_BLUE
 .text.RGB_LED_GREEN
                0x0000032a       0x20 ECU_Layer/RGB_Mdule/RGB.o
                0x0000032a                RGB_LED_GREEN
 .text.PIR_Sense
                0x0000034a        0x8 main.o
                0x0000034a                PIR_Sense
 .text.Open_Door
                0x00000352       0x1c main.o
                0x00000352                Open_Door
 .text.Initialize
                0x0000036e       0x62 main.o
                0x0000036e                Initialize
 .text.Close_Door
                0x000003d0        0x6 main.o
                0x000003d0                Close_Door
 .text.Temperature
                0x000003d6       0xfa main.o
                0x000003d6                Temperature
 .text.Lighting
                0x000004d0       0x6e main.o
                0x000004d0                Lighting
 .text.wholeProject
                0x0000053e       0x82 main.o
                0x0000053e                wholeProject
 .text.main     0x000005c0        0xc main.o
                0x000005c0                main
 .text.ADC_Initialize
                0x000005cc       0x38 MCAL_Layer/ADC/ADC.o
                0x000005cc                ADC_Initialize
 .text.ADC_Read
                0x00000604       0x2c MCAL_Layer/ADC/ADC.o
                0x00000604                ADC_Read
 .text.GPIO_PIN_Write_logic
                0x00000630       0x86 MCAL_Layer/GPIO.o
                0x00000630                GPIO_PIN_Write_logic
 .text.GPIO_PIN_Read_Logic
                0x000006b6       0x4a MCAL_Layer/GPIO.o
                0x000006b6                GPIO_PIN_Read_Logic
 .text.GPIO_PIN_Give_Direction
                0x00000700       0x86 MCAL_Layer/GPIO.o
                0x00000700                GPIO_PIN_Give_Direction
 .text.GPIO_PIN_Initialize
                0x00000786       0x1e MCAL_Layer/GPIO.o
                0x00000786                GPIO_PIN_Initialize
 .text.INT0_Init
                0x000007a4       0x2c MCAL_Layer/Interrupt/External_Interrupt.o
 .text.INT1_Init
                0x000007d0       0x3a MCAL_Layer/Interrupt/External_Interrupt.o
 .text.INTx_Initialize
                0x0000080a       0x20 MCAL_Layer/Interrupt/External_Interrupt.o
                0x0000080a                INTx_Initialize
 .text.__vector_1
                0x0000082a       0x58 MCAL_Layer/Interrupt/External_Interrupt.o
                0x0000082a                __vector_1
 .text.__vector_2
                0x00000882       0x58 MCAL_Layer/Interrupt/External_Interrupt.o
                0x00000882                __vector_2
 .text.PWM_Init
                0x000008da       0x4c MCAL_Layer/PWM_Timer1/PWM_Timer1.o
                0x000008da                PWM_Init
 .text.PWM_Write
                0x00000926       0x14 MCAL_Layer/PWM_Timer1/PWM_Timer1.o
                0x00000926                PWM_Write
 .text.PWM_init_Timer2
                0x0000093a       0x10 MCAL_Layer/PWM_Timer2/PWM_Timer2.o
                0x0000093a                PWM_init_Timer2
 .text.set_servo_angle
                0x0000094a       0x14 MCAL_Layer/PWM_Timer2/PWM_Timer2.o
                0x0000094a                set_servo_angle
 .text.USART_Init
                0x0000095e       0x2c MCAL_Layer/USART/USART.o
                0x0000095e                USART_Init
 .text.USART_Trans
                0x0000098a        0x8 MCAL_Layer/USART/USART.o
                0x0000098a                USART_Trans
 .text.USART_SendStr
                0x00000992       0x18 MCAL_Layer/USART/USART.o
                0x00000992                USART_SendStr
 .text.__vector_11
                0x000009aa       0x54 MCAL_Layer/USART/USART.o
                0x000009aa                __vector_11
 .text.avr-libc.fplib
                0x000009fe        0xa c:/program files (x86)/atmel/studio/7.0/toolchain/avr8/avr8-gnu-toolchain/bin/../lib/gcc/avr/5.4.0/../../../../avr/lib/avr4\libm.a(addsf3.o)
                0x000009fe                __subsf3
                0x00000a00                __addsf3
 .text.avr-libc.fplib
                0x00000a08       0xc0 c:/program files (x86)/atmel/studio/7.0/toolchain/avr8/avr8-gnu-toolchain/bin/../lib/gcc/avr/5.4.0/../../../../avr/lib/avr4\libm.a(addsf3x.o)
                0x00000a22                __addsf3x
 .text.avr-libc.fplib
                0x00000ac8        0x4 c:/program files (x86)/atmel/studio/7.0/toolchain/avr8/avr8-gnu-toolchain/bin/../lib/gcc/avr/5.4.0/../../../../avr/lib/avr4\libm.a(divsf3.o)
                0x00000ac8                __divsf3
 .text.avr-libc.fplib
                0x00000acc       0xcc c:/program files (x86)/atmel/studio/7.0/toolchain/avr8/avr8-gnu-toolchain/bin/../lib/gcc/avr/5.4.0/../../../../avr/lib/avr4\libm.a(divsf3x.o)
                0x00000ae2                __divsf3x
                0x00000ae6                __divsf3_pse
 .text.avr-libc.fplib
                0x00000b98       0x58 c:/program files (x86)/atmel/studio/7.0/toolchain/avr8/avr8-gnu-toolchain/bin/../lib/gcc/avr/5.4.0/../../../../avr/lib/avr4\libm.a(fixunssfsi.o)
                0x00000b98                __fixunssfsi
 .text.avr-libc.fplib
                0x00000bf0       0x7a c:/program files (x86)/atmel/studio/7.0/toolchain/avr8/avr8-gnu-toolchain/bin/../lib/gcc/avr/5.4.0/../../../../avr/lib/avr4\libm.a(floatsisf.o)
                0x00000bf0                __floatunsisf
                0x00000bf4                __floatsisf
 .text.avr-libc.fplib
                0x00000c6a        0xc c:/program files (x86)/atmel/studio/7.0/toolchain/avr8/avr8-gnu-toolchain/bin/../lib/gcc/avr/5.4.0/../../../../avr/lib/avr4\libm.a(fp_inf.o)
                0x00000c6a                __fp_inf
 .text.avr-libc.fplib
                0x00000c76        0x6 c:/program files (x86)/atmel/studio/7.0/toolchain/avr8/avr8-gnu-toolchain/bin/../lib/gcc/avr/5.4.0/../../../../avr/lib/avr4\libm.a(fp_nan.o)
                0x00000c76                __fp_nan
 .text.avr-libc.fplib
                0x00000c7c        0xe c:/program files (x86)/atmel/studio/7.0/toolchain/avr8/avr8-gnu-toolchain/bin/../lib/gcc/avr/5.4.0/../../../../avr/lib/avr4\libm.a(fp_pscA.o)
                0x00000c7c                __fp_pscA
 .text.avr-libc.fplib
                0x00000c8a        0xe c:/program files (x86)/atmel/studio/7.0/toolchain/avr8/avr8-gnu-toolchain/bin/../lib/gcc/avr/5.4.0/../../../../avr/lib/avr4\libm.a(fp_pscB.o)
                0x00000c8a                __fp_pscB
 .text.avr-libc.fplib
                0x00000c98       0x22 c:/program files (x86)/atmel/studio/7.0/toolchain/avr8/avr8-gnu-toolchain/bin/../lib/gcc/avr/5.4.0/../../../../avr/lib/avr4\libm.a(fp_round.o)
                0x00000c98                __fp_round
 .text.avr-libc.fplib
                0x00000cba       0x44 c:/program files (x86)/atmel/studio/7.0/toolchain/avr8/avr8-gnu-toolchain/bin/../lib/gcc/avr/5.4.0/../../../../avr/lib/avr4\libm.a(fp_split3.o)
                0x00000cba                __fp_split3
                0x00000cca                __fp_splitA
 .text.avr-libc.fplib
                0x00000cfe        0xe c:/program files (x86)/atmel/studio/7.0/toolchain/avr8/avr8-gnu-toolchain/bin/../lib/gcc/avr/5.4.0/../../../../avr/lib/avr4\libm.a(fp_zero.o)
                0x00000cfe                __fp_zero
                0x00000d00                __fp_szero
 .text.avr-libc.fplib
                0x00000d0c        0x4 c:/program files (x86)/atmel/studio/7.0/toolchain/avr8/avr8-gnu-toolchain/bin/../lib/gcc/avr/5.4.0/../../../../avr/lib/avr4\libm.a(mulsf3.o)
                0x00000d0c                __mulsf3
 .text.avr-libc.fplib
                0x00000d10       0xc2 c:/program files (x86)/atmel/studio/7.0/toolchain/avr8/avr8-gnu-toolchain/bin/../lib/gcc/avr/5.4.0/../../../../avr/lib/avr4\libm.a(mulsf3x.o)
                0x00000d24                __mulsf3x
                0x00000d28                __mulsf3_pse
 .text.avr-libc.fplib
                0x00000dd2       0x40 c:/program files (x86)/atmel/studio/7.0/toolchain/avr8/avr8-gnu-toolchain/bin/../lib/gcc/avr/5.4.0/../../../../avr/lib/avr4\libm.a(round.o)
                0x00000dd2                round
 .text.avr-libc.fplib
                0x00000e12       0x36 c:/program files (x86)/atmel/studio/7.0/toolchain/avr8/avr8-gnu-toolchain/bin/../lib/gcc/avr/5.4.0/../../../../avr/lib/avr4\libm.a(fp_mintl.o)
                0x00000e12                __fp_mintl
 .text.avr-libc.fplib
                0x00000e48       0x1c c:/program files (x86)/atmel/studio/7.0/toolchain/avr8/avr8-gnu-toolchain/bin/../lib/gcc/avr/5.4.0/../../../../avr/lib/avr4\libm.a(fp_mpack.o)
                0x00000e48                __fp_mpack
                0x00000e4c                __fp_mpack_finite
 .text.libgcc.div
                0x00000e64       0x26 c:/program files (x86)/atmel/studio/7.0/toolchain/avr8/avr8-gnu-toolchain/bin/../lib/gcc/avr/5.4.0/avr4\libgcc.a(_divmodhi4.o)
                0x00000e64                _div
                0x00000e64                __divmodhi4
 .text.libgcc.div
                0x00000e8a       0x28 c:/program files (x86)/atmel/studio/7.0/toolchain/avr8/avr8-gnu-toolchain/bin/../lib/gcc/avr/5.4.0/avr4\libgcc.a(_udivmodhi4.o)
                0x00000e8a                __udivmodhi4
 .text.avr-libc
                0x00000eb2       0x12 c:/program files (x86)/atmel/studio/7.0/toolchain/avr8/avr8-gnu-toolchain/bin/../lib/gcc/avr/5.4.0/../../../../avr/lib/avr4\libc.a(strcmp.o)
                0x00000eb2                strcmp
                0x00000ec4                . = ALIGN (0x2)
 *(.fini9)
 .fini9         0x00000ec4        0x0 c:/program files (x86)/atmel/studio/7.0/toolchain/avr8/avr8-gnu-toolchain/bin/../lib/gcc/avr/5.4.0/avr4\libgcc.a(_exit.o)
                0x00000ec4                _exit
                0x00000ec4                exit
 *(.fini9)
 *(.fini8)
 *(.fini8)
 *(.fini7)
 *(.fini7)
 *(.fini6)
 *(.fini6)
 *(.fini5)
 *(.fini5)
 *(.fini4)
 *(.fini4)
 *(.fini3)
 *(.fini3)
 *(.fini2)
 *(.fini2)
 *(.fini1)
 *(.fini1)
 *(.fini0)
 .fini0         0x00000ec4        0x4 c:/program files (x86)/atmel/studio/7.0/toolchain/avr8/avr8-gnu-toolchain/bin/../lib/gcc/avr/5.4.0/avr4\libgcc.a(_exit.o)
 *(.fini0)
                0x00000ec8                _etext = .

.data           0x00800060      0x162 load address 0x00000ec8
                0x00800060                PROVIDE (__data_start, .)
 *(.data)
 *(.data*)
 .data.buzzer_  0x00800060        0x4 main.o
                0x00800060                buzzer_
 .data.rgb      0x00800064        0x8 main.o
                0x00800064                rgb
 .data.lighting_led
                0x0080006c        0x1 main.o
                0x0080006c                lighting_led
 .data.keypad__
                0x0080006d       0x1e main.o
                0x0080006d                keypad__
 .data.PIR_Sensor
                0x0080008b        0x4 main.o
                0x0080008b                PIR_Sensor
 .data.lighting_sensor
                0x0080008f        0x1 main.o
                0x0080008f                lighting_sensor
 .data.temp_sensor
                0x00800090        0x1 main.o
                0x00800090                temp_sensor
 .data.usart    0x00800091        0x4 main.o
                0x00800091                usart
 .data.PWM      0x00800095        0x2 main.o
                0x00800095                PWM
 .data.adc      0x00800097        0x2 main.o
                0x00800097                adc
 .data.status   0x00800099        0x1 main.o
                0x00800099                status
 .data.password
                0x0080009a        0x2 main.o
                0x0080009a                password
 .data.PIN_REG  0x0080009c        0x6 MCAL_Layer/GPIO.o
                0x0080009c                PIN_REG
 .data.DDR_REG  0x008000a2        0x6 MCAL_Layer/GPIO.o
                0x008000a2                DDR_REG
 .data.PORT_REG
                0x008000a8        0x6 MCAL_Layer/GPIO.o
                0x008000a8                PORT_REG
 *(.gnu.linkonce.d*)
 *(.rodata)
 *(.rodata*)
 .rodata.keypad
                0x008000ae        0xc ECU_Layer/Keypad/Keypad.o
                0x008000ae                keypad
 .rodata.str1.1
                0x008000ba      0x108 main.o
 *(.gnu.linkonce.r*)
                0x008001c2                . = ALIGN (0x2)
                0x008001c2                _edata = .
                0x008001c2                PROVIDE (__data_end, .)

.bss            0x008001c2       0x1e
                0x008001c2                PROVIDE (__bss_start, .)
 *(.bss)
 *(.bss*)
 .bss.motor_en  0x008001c2        0x1 main.o
                0x008001c2                motor_en
 .bss.IsPassTrue
                0x008001c3        0x1 main.o
                0x008001c3                IsPassTrue
 .bss.cam_status
                0x008001c4        0x1 main.o
                0x008001c4                cam_status
 .bss.PIR_Flag  0x008001c5        0x1 main.o
                0x008001c5                PIR_Flag
 .bss.INT1_InterruptHandler
                0x008001c6        0x2 MCAL_Layer/Interrupt/External_Interrupt.o
 .bss.INT0_InterruptHandler
                0x008001c8        0x2 MCAL_Layer/Interrupt/External_Interrupt.o
 *(COMMON)
 COMMON         0x008001ca       0x12 main.o
                0x008001ca                TMP
                0x008001cc                motor_speed
                0x008001ce                EnterPass
                0x008001d3                LDR_Reading
                0x008001d5                Light
                0x008001d7                led_brightness
                0x008001d9                LD35DZ_Reading
                0x008001db                var
 COMMON         0x008001dc        0x4 MCAL_Layer/USART/USART.o
                0x008001dc                flag
                0x008001de                interruptHandler
                0x008001e0                PROVIDE (__bss_end, .)
                0x00000ec8                __data_load_start = LOADADDR (.data)
                0x0000102a                __data_load_end = (__data_load_start + SIZEOF (.data))

.noinit         0x008001e0        0x0
                [!provide]                PROVIDE (__noinit_start, .)
 *(.noinit*)
                [!provide]                PROVIDE (__noinit_end, .)
                0x008001e0                _end = .
                [!provide]                PROVIDE (__heap_start, .)

.eeprom         0x00810000        0x0
 *(.eeprom*)
                0x00810000                __eeprom_end = .

.fuse
 *(.fuse)
 *(.lfuse)
 *(.hfuse)
 *(.efuse)

.lock
 *(.lock*)

.signature
 *(.signature*)

.user_signatures
 *(.user_signatures*)

.stab
 *(.stab)

.stabstr
 *(.stabstr)

.stab.excl
 *(.stab.excl)

.stab.exclstr
 *(.stab.exclstr)

.stab.index
 *(.stab.index)

.stab.indexstr
 *(.stab.indexstr)

.comment        0x00000000       0x30
 *(.comment)
 .comment       0x00000000       0x30 ECU_Layer/Buzzer/Buzzer.o
                                 0x31 (size before relaxing)
 .comment       0x00000030       0x31 ECU_Layer/Keypad/Keypad.o
 .comment       0x00000030       0x31 ECU_Layer/RGB_Mdule/RGB.o
 .comment       0x00000030       0x31 main.o
 .comment       0x00000030       0x31 MCAL_Layer/ADC/ADC.o
 .comment       0x00000030       0x31 MCAL_Layer/GPIO.o
 .comment       0x00000030       0x31 MCAL_Layer/Interrupt/External_Interrupt.o
 .comment       0x00000030       0x31 MCAL_Layer/PWM_Timer1/PWM_Timer1.o
 .comment       0x00000030       0x31 MCAL_Layer/PWM_Timer2/PWM_Timer2.o
 .comment       0x00000030       0x31 MCAL_Layer/USART/USART.o

.note.gnu.avr.deviceinfo
                0x00000000       0x3c
 .note.gnu.avr.deviceinfo
                0x00000000       0x3c C:/Program Files (x86)/Atmel/Studio/7.0/Packs/atmel/ATmega_DFP/1.7.374/gcc/dev/atmega8/avr4/crtatmega8.o

.note.gnu.build-id
 *(.note.gnu.build-id)

.debug
 *(.debug)

.line
 *(.line)

.debug_srcinfo
 *(.debug_srcinfo)

.debug_sfnames
 *(.debug_sfnames)

.debug_aranges  0x00000000      0x2a8
 *(.debug_aranges)
 .debug_aranges
                0x00000000       0x30 ECU_Layer/Buzzer/Buzzer.o
 .debug_aranges
                0x00000030       0x30 ECU_Layer/Keypad/Keypad.o
 .debug_aranges
                0x00000060       0x40 ECU_Layer/RGB_Mdule/RGB.o
 .debug_aranges
                0x000000a0       0x68 main.o
 .debug_aranges
                0x00000108       0x30 MCAL_Layer/ADC/ADC.o
 .debug_aranges
                0x00000138       0x88 MCAL_Layer/GPIO.o
 .debug_aranges
                0x000001c0       0x58 MCAL_Layer/Interrupt/External_Interrupt.o
 .debug_aranges
                0x00000218       0x28 MCAL_Layer/PWM_Timer1/PWM_Timer1.o
 .debug_aranges
                0x00000240       0x28 MCAL_Layer/PWM_Timer2/PWM_Timer2.o
 .debug_aranges
                0x00000268       0x40 MCAL_Layer/USART/USART.o

.debug_pubnames
 *(.debug_pubnames)

.debug_info     0x00000000     0x308a
 *(.debug_info .gnu.linkonce.wi.*)
 .debug_info    0x00000000      0x48c C:/Program Files (x86)/Atmel/Studio/7.0/Packs/atmel/ATmega_DFP/1.7.374/gcc/dev/atmega8/avr4/crtatmega8.o
 .debug_info    0x0000048c      0x2b9 ECU_Layer/Buzzer/Buzzer.o
 .debug_info    0x00000745      0x5c3 ECU_Layer/Keypad/Keypad.o
 .debug_info    0x00000d08      0x40c ECU_Layer/RGB_Mdule/RGB.o
 .debug_info    0x00001114      0xec7 main.o
 .debug_info    0x00001fdb      0x293 MCAL_Layer/ADC/ADC.o
 .debug_info    0x0000226e      0x660 MCAL_Layer/GPIO.o
 .debug_info    0x000028ce      0x308 MCAL_Layer/Interrupt/External_Interrupt.o
 .debug_info    0x00002bd6      0x211 MCAL_Layer/PWM_Timer1/PWM_Timer1.o
 .debug_info    0x00002de7       0xbd MCAL_Layer/PWM_Timer2/PWM_Timer2.o
 .debug_info    0x00002ea4      0x1e6 MCAL_Layer/USART/USART.o

.debug_abbrev   0x00000000      0xfe7
 *(.debug_abbrev)
 .debug_abbrev  0x00000000      0x44e C:/Program Files (x86)/Atmel/Studio/7.0/Packs/atmel/ATmega_DFP/1.7.374/gcc/dev/atmega8/avr4/crtatmega8.o
 .debug_abbrev  0x0000044e       0xe0 ECU_Layer/Buzzer/Buzzer.o
 .debug_abbrev  0x0000052e      0x1b7 ECU_Layer/Keypad/Keypad.o
 .debug_abbrev  0x000006e5       0xff ECU_Layer/RGB_Mdule/RGB.o
 .debug_abbrev  0x000007e4      0x24a main.o
 .debug_abbrev  0x00000a2e       0xcf MCAL_Layer/ADC/ADC.o
 .debug_abbrev  0x00000afd      0x129 MCAL_Layer/GPIO.o
 .debug_abbrev  0x00000c26      0x121 MCAL_Layer/Interrupt/External_Interrupt.o
 .debug_abbrev  0x00000d47       0xe0 MCAL_Layer/PWM_Timer1/PWM_Timer1.o
 .debug_abbrev  0x00000e27       0x87 MCAL_Layer/PWM_Timer2/PWM_Timer2.o
 .debug_abbrev  0x00000eae      0x139 MCAL_Layer/USART/USART.o

.debug_line     0x00000000     0x1733
 *(.debug_line .debug_line.* .debug_line_end)
 .debug_line    0x00000000      0x10a C:/Program Files (x86)/Atmel/Studio/7.0/Packs/atmel/ATmega_DFP/1.7.374/gcc/dev/atmega8/avr4/crtatmega8.o
 .debug_line    0x0000010a       0xed ECU_Layer/Buzzer/Buzzer.o
 .debug_line    0x000001f7      0x2f0 ECU_Layer/Keypad/Keypad.o
 .debug_line    0x000004e7      0x159 ECU_Layer/RGB_Mdule/RGB.o
 .debug_line    0x00000640      0x572 main.o
 .debug_line    0x00000bb2      0x186 MCAL_Layer/ADC/ADC.o
 .debug_line    0x00000d38      0x398 MCAL_Layer/GPIO.o
 .debug_line    0x000010d0      0x260 MCAL_Layer/Interrupt/External_Interrupt.o
 .debug_line    0x00001330      0x169 MCAL_Layer/PWM_Timer1/PWM_Timer1.o
 .debug_line    0x00001499       0xe3 MCAL_Layer/PWM_Timer2/PWM_Timer2.o
 .debug_line    0x0000157c      0x1b7 MCAL_Layer/USART/USART.o

.debug_frame    0x00000000      0x610
 *(.debug_frame)
 .debug_frame   0x00000000       0x44 ECU_Layer/Buzzer/Buzzer.o
 .debug_frame   0x00000044      0x100 ECU_Layer/Keypad/Keypad.o
 .debug_frame   0x00000144       0xa0 ECU_Layer/RGB_Mdule/RGB.o
 .debug_frame   0x000001e4       0xc4 main.o
 .debug_frame   0x000002a8       0x44 MCAL_Layer/ADC/ADC.o
 .debug_frame   0x000002ec      0x10c MCAL_Layer/GPIO.o
 .debug_frame   0x000003f8      0x124 MCAL_Layer/Interrupt/External_Interrupt.o
 .debug_frame   0x0000051c       0x34 MCAL_Layer/PWM_Timer1/PWM_Timer1.o
 .debug_frame   0x00000550       0x34 MCAL_Layer/PWM_Timer2/PWM_Timer2.o
 .debug_frame   0x00000584       0x8c MCAL_Layer/USART/USART.o

.debug_str      0x00000000      0xf69
 *(.debug_str)
 .debug_str     0x00000000      0x17a C:/Program Files (x86)/Atmel/Studio/7.0/Packs/atmel/ATmega_DFP/1.7.374/gcc/dev/atmega8/avr4/crtatmega8.o
 .debug_str     0x0000017a      0x300 ECU_Layer/Buzzer/Buzzer.o
                                0x340 (size before relaxing)
 .debug_str     0x0000047a      0x186 ECU_Layer/Keypad/Keypad.o
                                0x476 (size before relaxing)
 .debug_str     0x00000600       0x77 ECU_Layer/RGB_Mdule/RGB.o
                                0x35f (size before relaxing)
 .debug_str     0x00000677      0x587 main.o
                                0x9ba (size before relaxing)
 .debug_str     0x00000bfe       0x77 MCAL_Layer/ADC/ADC.o
                                0x372 (size before relaxing)
 .debug_str     0x00000c75      0x169 MCAL_Layer/GPIO.o
                                0x47e (size before relaxing)
 .debug_str     0x00000dde       0xb2 MCAL_Layer/Interrupt/External_Interrupt.o
                                0x336 (size before relaxing)
 .debug_str     0x00000e90       0x38 MCAL_Layer/PWM_Timer1/PWM_Timer1.o
                                0x382 (size before relaxing)
 .debug_str     0x00000ec8       0x31 MCAL_Layer/PWM_Timer2/PWM_Timer2.o
                                0x1e7 (size before relaxing)
 .debug_str     0x00000ef9       0x70 MCAL_Layer/USART/USART.o
                                0x28a (size before relaxing)

.debug_loc      0x00000000     0x1bd0
 *(.debug_loc)
 .debug_loc     0x00000000      0x16e ECU_Layer/Buzzer/Buzzer.o
 .debug_loc     0x0000016e      0x6b2 ECU_Layer/Keypad/Keypad.o
 .debug_loc     0x00000820      0x357 ECU_Layer/RGB_Mdule/RGB.o
 .debug_loc     0x00000b77      0x2bb main.o
 .debug_loc     0x00000e32      0x123 MCAL_Layer/ADC/ADC.o
 .debug_loc     0x00000f55      0x7ac MCAL_Layer/GPIO.o
 .debug_loc     0x00001701      0x354 MCAL_Layer/Interrupt/External_Interrupt.o
 .debug_loc     0x00001a55       0x67 MCAL_Layer/PWM_Timer1/PWM_Timer1.o
 .debug_loc     0x00001abc       0x21 MCAL_Layer/PWM_Timer2/PWM_Timer2.o
 .debug_loc     0x00001add       0xf3 MCAL_Layer/USART/USART.o

.debug_macinfo
 *(.debug_macinfo)

.debug_weaknames
 *(.debug_weaknames)

.debug_funcnames
 *(.debug_funcnames)

.debug_typenames
 *(.debug_typenames)

.debug_varnames
 *(.debug_varnames)

.debug_pubtypes
 *(.debug_pubtypes)

.debug_ranges   0x00000000      0x208
 *(.debug_ranges)
 .debug_ranges  0x00000000       0x20 ECU_Layer/Buzzer/Buzzer.o
 .debug_ranges  0x00000020       0x20 ECU_Layer/Keypad/Keypad.o
 .debug_ranges  0x00000040       0x30 ECU_Layer/RGB_Mdule/RGB.o
 .debug_ranges  0x00000070       0x58 main.o
 .debug_ranges  0x000000c8       0x20 MCAL_Layer/ADC/ADC.o
 .debug_ranges  0x000000e8       0x78 MCAL_Layer/GPIO.o
 .debug_ranges  0x00000160       0x48 MCAL_Layer/Interrupt/External_Interrupt.o
 .debug_ranges  0x000001a8       0x18 MCAL_Layer/PWM_Timer1/PWM_Timer1.o
 .debug_ranges  0x000001c0       0x18 MCAL_Layer/PWM_Timer2/PWM_Timer2.o
 .debug_ranges  0x000001d8       0x30 MCAL_Layer/USART/USART.o

.debug_macro
 *(.debug_macro)
OUTPUT(Smart_Home.elf elf32-avr)
LOAD linker stubs
